Archive member included to satisfy reference by file (symbol)

c:/bin/femtoide/ide-windows/windows/arm/bin/../lib/gcc/arm-none-eabi/8.2.1/../../../../arm-none-eabi/lib/thumb/v6-m/nofp\libstdc++_nano.a(eh_alloc.o)
                              3.o (symbol from plugin) (__cxa_allocate_exception)
c:/bin/femtoide/ide-windows/windows/arm/bin/../lib/gcc/arm-none-eabi/8.2.1/../../../../arm-none-eabi/lib/thumb/v6-m/nofp\libstdc++_nano.a(pure.o)
                              3.o (symbol from plugin) (__cxa_pure_virtual)
c:/bin/femtoide/ide-windows/windows/arm/bin/../lib/gcc/arm-none-eabi/8.2.1/../../../../arm-none-eabi/lib/thumb/v6-m/nofp\libstdc++_nano.a(eh_aux_runtime.o)
                              3.o (symbol from plugin) (__cxa_throw_bad_array_new_length)
c:/bin/femtoide/ide-windows/windows/arm/bin/../lib/gcc/arm-none-eabi/8.2.1/../../../../arm-none-eabi/lib/thumb/v6-m/nofp\libstdc++_nano.a(eh_terminate.o)
                              c:/bin/femtoide/ide-windows/windows/arm/bin/../lib/gcc/arm-none-eabi/8.2.1/../../../../arm-none-eabi/lib/thumb/v6-m/nofp\libstdc++_nano.a(eh_alloc.o) (std::terminate())
c:/bin/femtoide/ide-windows/windows/arm/bin/../lib/gcc/arm-none-eabi/8.2.1/../../../../arm-none-eabi/lib/thumb/v6-m/nofp\libstdc++_nano.a(del_ops.o)
                              3.o (symbol from plugin) (operator delete(void*, unsigned int))
c:/bin/femtoide/ide-windows/windows/arm/bin/../lib/gcc/arm-none-eabi/8.2.1/../../../../arm-none-eabi/lib/thumb/v6-m/nofp\libstdc++_nano.a(eh_throw.o)
                              3.o (symbol from plugin) (__cxa_throw)
c:/bin/femtoide/ide-windows/windows/arm/bin/../lib/gcc/arm-none-eabi/8.2.1/../../../../arm-none-eabi/lib/thumb/v6-m/nofp\libstdc++_nano.a(class_type_info.o)
                              3.o (symbol from plugin) (vtable for __cxxabiv1::__class_type_info)
c:/bin/femtoide/ide-windows/windows/arm/bin/../lib/gcc/arm-none-eabi/8.2.1/../../../../arm-none-eabi/lib/thumb/v6-m/nofp\libstdc++_nano.a(eh_term_handler.o)
                              c:/bin/femtoide/ide-windows/windows/arm/bin/../lib/gcc/arm-none-eabi/8.2.1/../../../../arm-none-eabi/lib/thumb/v6-m/nofp\libstdc++_nano.a(eh_terminate.o) (__cxxabiv1::__terminate_handler)
c:/bin/femtoide/ide-windows/windows/arm/bin/../lib/gcc/arm-none-eabi/8.2.1/../../../../arm-none-eabi/lib/thumb/v6-m/nofp\libstdc++_nano.a(eh_catch.o)
                              c:/bin/femtoide/ide-windows/windows/arm/bin/../lib/gcc/arm-none-eabi/8.2.1/../../../../arm-none-eabi/lib/thumb/v6-m/nofp\libstdc++_nano.a(eh_throw.o) (__cxa_begin_catch)
c:/bin/femtoide/ide-windows/windows/arm/bin/../lib/gcc/arm-none-eabi/8.2.1/../../../../arm-none-eabi/lib/thumb/v6-m/nofp\libstdc++_nano.a(eh_unex_handler.o)
                              c:/bin/femtoide/ide-windows/windows/arm/bin/../lib/gcc/arm-none-eabi/8.2.1/../../../../arm-none-eabi/lib/thumb/v6-m/nofp\libstdc++_nano.a(eh_terminate.o) (__cxxabiv1::__unexpected_handler)
c:/bin/femtoide/ide-windows/windows/arm/bin/../lib/gcc/arm-none-eabi/8.2.1/../../../../arm-none-eabi/lib/thumb/v6-m/nofp\libstdc++_nano.a(eh_globals.o)
                              c:/bin/femtoide/ide-windows/windows/arm/bin/../lib/gcc/arm-none-eabi/8.2.1/../../../../arm-none-eabi/lib/thumb/v6-m/nofp\libstdc++_nano.a(eh_catch.o) (__cxa_get_globals_fast)
c:/bin/femtoide/ide-windows/windows/arm/bin/../lib/gcc/arm-none-eabi/8.2.1/../../../../arm-none-eabi/lib/thumb/v6-m/nofp\libstdc++_nano.a(si_class_type_info.o)
                              c:/bin/femtoide/ide-windows/windows/arm/bin/../lib/gcc/arm-none-eabi/8.2.1/../../../../arm-none-eabi/lib/thumb/v6-m/nofp\libstdc++_nano.a(class_type_info.o) (vtable for __cxxabiv1::__si_class_type_info)
c:/bin/femtoide/ide-windows/windows/arm/bin/../lib/gcc/arm-none-eabi/8.2.1/../../../../arm-none-eabi/lib/thumb/v6-m/nofp\libstdc++_nano.a(tinfo.o)
                              c:/bin/femtoide/ide-windows/windows/arm/bin/../lib/gcc/arm-none-eabi/8.2.1/../../../../arm-none-eabi/lib/thumb/v6-m/nofp\libstdc++_nano.a(class_type_info.o) (std::type_info::~type_info())
c:/bin/femtoide/ide-windows/windows/arm/bin/../lib/gcc/arm-none-eabi/8.2.1/../../../../arm-none-eabi/lib/thumb/v6-m/nofp\libc_nano.a(lib_a-abort.o)
                              c:/bin/femtoide/ide-windows/windows/arm/bin/../lib/gcc/arm-none-eabi/8.2.1/../../../../arm-none-eabi/lib/thumb/v6-m/nofp\libstdc++_nano.a(eh_aux_runtime.o) (abort)
c:/bin/femtoide/ide-windows/windows/arm/bin/../lib/gcc/arm-none-eabi/8.2.1/../../../../arm-none-eabi/lib/thumb/v6-m/nofp\libc_nano.a(lib_a-init.o)
                              c:/bin/femtoide/ide-windows/windows/arm/bin/../lib/gcc/arm-none-eabi/8.2.1/../../../../arm-none-eabi/lib/thumb/v6-m/nofp/crt0.o (__libc_init_array)
c:/bin/femtoide/ide-windows/windows/arm/bin/../lib/gcc/arm-none-eabi/8.2.1/../../../../arm-none-eabi/lib/thumb/v6-m/nofp\libc_nano.a(lib_a-malloc.o)
                              1.o (symbol from plugin) (malloc)
[...]
Memory Configuration

Name             Origin             Length             Attributes
MFlash256        0x00000000         0x00040000         xr
Ram0_32          0x10000100         0x00007f00         xrw
Ram1_2           0x20000000         0x00000800         xrw
Ram2USB_2        0x20004000         0x00000800         xrw
*default*        0x00000000         0xffffffff

Linker script and memory map

LOAD c:/bin/femtoide/ide-windows/windows/arm/bin/../lib/gcc/arm-none-eabi/8.2.1/thumb/v6-m/nofp/crti.o
LOAD c:/bin/femtoide/ide-windows/windows/arm/bin/../lib/gcc/arm-none-eabi/8.2.1/thumb/v6-m/nofp/crtbegin.o
LOAD c:/bin/femtoide/ide-windows/windows/arm/bin/../lib/gcc/arm-none-eabi/8.2.1/../../../../arm-none-eabi/lib/thumb/v6-m/nofp/crt0.o
LOAD 2.o
LOAD C:\Users\hannu\AppData\Local\Temp\ccIwwp9u.ltrans0.ltrans.o
LOAD C:\Users\hannu\AppData\Local\Temp\ccIwwp9u.ltrans1.ltrans.o
LOAD C:\Users\hannu\AppData\Local\Temp\ccIwwp9u.ltrans2.ltrans.o
LOAD C:\Users\hannu\AppData\Local\Temp\ccIwwp9u.ltrans3.ltrans.o
START GROUP
LOAD c:/bin/femtoide/ide-windows/windows/arm/bin/../lib/gcc/arm-none-eabi/8.2.1/../../../../arm-none-eabi/lib/thumb/v6-m/nofp\libstdc++_nano.a
LOAD c:/bin/femtoide/ide-windows/windows/arm/bin/../lib/gcc/arm-none-eabi/8.2.1/../../../../arm-none-eabi/lib/thumb/v6-m/nofp\libsupc++_nano.a
LOAD c:/bin/femtoide/ide-windows/windows/arm/bin/../lib/gcc/arm-none-eabi/8.2.1/../../../../arm-none-eabi/lib/thumb/v6-m/nofp\libm.a
LOAD c:/bin/femtoide/ide-windows/windows/arm/bin/../lib/gcc/arm-none-eabi/8.2.1/../../../../arm-none-eabi/lib/thumb/v6-m/nofp\libc_nano.a
LOAD c:/bin/femtoide/ide-windows/windows/arm/bin/../lib/gcc/arm-none-eabi/8.2.1/thumb/v6-m/nofp\libgcc.a
LOAD c:/bin/femtoide/ide-windows/windows/arm/bin/../lib/gcc/arm-none-eabi/8.2.1/../../../../arm-none-eabi/lib/thumb/v6-m/nofp\libnosys.a
END GROUP
START GROUP
LOAD c:/bin/femtoide/ide-windows/windows/arm/bin/../lib/gcc/arm-none-eabi/8.2.1/thumb/v6-m/nofp\libgcc.a
LOAD c:/bin/femtoide/ide-windows/windows/arm/bin/../lib/gcc/arm-none-eabi/8.2.1/../../../../arm-none-eabi/lib/thumb/v6-m/nofp\libc_nano.a
END GROUP
START GROUP
LOAD c:/bin/femtoide/ide-windows/windows/arm/bin/../lib/gcc/arm-none-eabi/8.2.1/thumb/v6-m/nofp\libgcc.a
LOAD c:/bin/femtoide/ide-windows/windows/arm/bin/../lib/gcc/arm-none-eabi/8.2.1/../../../../arm-none-eabi/lib/thumb/v6-m/nofp\libc_nano.a
END GROUP
LOAD c:/bin/femtoide/ide-windows/windows/arm/bin/../lib/gcc/arm-none-eabi/8.2.1/thumb/v6-m/nofp/crtend.o
LOAD c:/bin/femtoide/ide-windows/windows/arm/bin/../lib/gcc/arm-none-eabi/8.2.1/thumb/v6-m/nofp/crtn.o
                0x00040000                __top_MFlash256 = 0x40000
                0x10008000                __top_Ram0_32 = 0x10008000
                0x20000800                __top_Ram1_2 = 0x20000800
                0x20004800                __top_Ram2USB_2 = 0x20004800

.text           0x00000000    0x33800
 FILL mask 0xff
                0x00000000                __vectors_start__ = ABSOLUTE (.)
 *(.isr_vector)
 .isr_vector    0x00000000       0xc0 C:\Users\hannu\AppData\Local\Temp\ccIwwp9u.ltrans0.ltrans.o
                0x00000000                g_pfnVectors
                0x000000c0                . = ALIGN (0x4)
                0x000000c0                __section_table_start = .
                0x000000c0                __data_section_table = .
                0x000000c0        0x4 LONG 0x34724 LOADADDR (.data)
                0x000000c4        0x4 LONG 0x10000100 ADDR (.data)
                0x000000c8        0x4 LONG 0x74 SIZEOF (.data)
                0x000000cc        0x4 LONG 0x34724 LOADADDR (.data_RAM2)
                0x000000d0        0x4 LONG 0x20000000 ADDR (.data_RAM2)
                0x000000d4        0x4 LONG 0x0 SIZEOF (.data_RAM2)
                0x000000d8        0x4 LONG 0x34724 LOADADDR (.data_RAM3)
                0x000000dc        0x4 LONG 0x20004000 ADDR (.data_RAM3)
                0x000000e0        0x4 LONG 0x0 SIZEOF (.data_RAM3)
                0x000000e4                __data_section_table_end = .
                0x000000e4                __bss_section_table = .
                0x000000e4        0x4 LONG 0x10000178 ADDR (.bss)
                0x000000e8        0x4 LONG 0x134 SIZEOF (.bss)
                0x000000ec        0x4 LONG 0x20000000 ADDR (.bss_RAM2)
                0x000000f0        0x4 LONG 0x0 SIZEOF (.bss_RAM2)
                0x000000f4        0x4 LONG 0x20004000 ADDR (.bss_RAM3)
                0x000000f8        0x4 LONG 0x0 SIZEOF (.bss_RAM3)
                0x000000fc                __bss_section_table_end = .
                0x000000fc                __section_table_end = .
 *(.after_vectors*)
 .after_vectors
                0x000000fc      0x1b8 C:\Users\hannu\AppData\Local\Temp\ccIwwp9u.ltrans3.ltrans.o
                0x000000fc                ResetISR
 *(.text*)
 .text          0x000002b4       0x48 c:/bin/femtoide/ide-windows/windows/arm/bin/../lib/gcc/arm-none-eabi/8.2.1/thumb/v6-m/nofp/crtbegin.o
 *fill*         0x000002fc        0x4 ff
 .text          0x00000300      0x358 2.o
                0x00000300                PVCOPY
                0x0000038c                SystemInit
 .text          0x00000658     0x6c1c C:\Users\hannu\AppData\Local\Temp\ccIwwp9u.ltrans0.ltrans.o
                0x00000658                uc_Main::saveLevelPointsToEEPROM()
                0x00000cc4                uc_Array<uc_Dust, true>::__mark__(int)
                0x00000d94                uc_Array<up_java::up_lang::uc_String, true>::__mark__(int)
                0x00000e60                uc_Array<up_femto::uc_TileSet, true>::__mark__(int)
                0x000010ec                uc_Main::__instanceof__(unsigned long)
                0x00001100                uc_Main::__sizeof__()
                0x00001104                uc_Main::drawCoffees()
                0x00001448                uc_Main::checkZombiesCollisionToCastle()
                0x00001698                uc_MainLevelMap::shutdown()
                0x00001698                uc_Main::shutdown()
                0x00001f3c                uc_Array<uc_BatEntity, true>::__mark__(int)
                0x0000203c                uc_Main::__mark__(int)
                0x00002320                up_femto::uc_Image::draw(up_femto::up_mode::uc_HiRes16Color*, FixedPoints::SFixed<23u, 8u>, FixedPoints::SFixed<23u, 8u>, bool, bool, bool) [clone .constprop.54]
                0x000023bc                up_femto::up_mode::uc_ScreenMode::fillRect(long, long, long, long, long) [clone .constprop.49]
                0x0000259c                up_femto::up_mode::uc_ScreenMode::fillRect(long, long, long, long, long) [clone .constprop.48]
                0x00002774                up_femto::up_mode::uc_ScreenMode::fillRect(FixedPoints::SFixed<23u, 8u>, FixedPoints::SFixed<23u, 8u>, FixedPoints::SFixed<23u, 8u>, FixedPoints::SFixed<23u, 8u>, long, bool) [clone .constprop.46]
                0x000029fc                up_femto::up_mode::uc_Direct::drawHLine(long, long, long, long) [clone .constprop.42]
                0x00002ae0                up_femto::up_mode::uc_Direct::drawHLine(long, long, long, long) [clone .constprop.41]
                0x00002bc4                up_femto::up_mode::uc_ScreenMode::putchar(char) [clone .part.126]
                0x00002cfc                up_femto::up_mode::uc_ScreenMode::print(up_java::up_lang::uc_String*) [clone .constprop.44]
                0x00002dbc                uc_Main::drawPlainTextCellCentered(FixedPoints::SFixed<23u, 8u>, FixedPoints::SFixed<23u, 8u>, FixedPoints::SFixed<23u, 8u>, up_java::up_lang::uc_String*, long) [clone .constprop.7]
                0x00002fa4                up_femto::up_mode::uc_ScreenMode::print(long) [clone .constprop.9]
                0x000030c4                up_femto::uc_Cookie::freeBlock(long) [clone .part.53]
                0x00003164                uc_Array<uc_Vector2d, true>::uc_Array(long)
                0x00003164                uc_Array<uc_Vector2d, true>::uc_Array(long) [clone .lto_priv.146]
                0x00003290                uc_Array<uc_BombEntity, true>::uc_Array(long)
                0x00003290                uc_Array<uc_BombEntity, true>::uc_Array(long) [clone .lto_priv.147]
                0x000032e8                uc_Array<uc_ZombieEntity, true>::uc_Array(long)
                0x000032e8                uc_Array<uc_ZombieEntity, true>::uc_Array(long) [clone .lto_priv.148]
                0x0000336c                uc_Array<unsigned short, false>::uc_Array(long)
                0x0000336c                uc_Array<unsigned short, false>::uc_Array(long) [clone .lto_priv.151]
                0x00003430                uc_Array<signed char, false>::uc_Array(long)
                0x00003430                uc_Array<signed char, false>::uc_Array(long) [clone .lto_priv.152]
                0x000034b4                up_java::up_lang::uc_String* operator+<FixedPoints::SFixed<23u, 8u> >(up_java::up_lang::uc_String&, FixedPoints::SFixed<23u, 8u>)
                0x0000355c                up_java::up_lang::uc_String* operator+<long long>(up_java::up_lang::uc_String&, long long)
                0x0000366c                uc_Array<up_java::up_lang::uc_String, true>::uc_Array(long) [clone .lto_priv.145]
                0x0000366c                uc_Array<up_java::up_lang::uc_String, true>::uc_Array(long)
                0x0000375c                uc_Array<uc_EnemyEntity, true>::uc_Array(long)
                0x0000375c                uc_Array<uc_EnemyEntity, true>::uc_Array(long) [clone .lto_priv.162]
                0x000037b4                uc_Array<uc_Event, true>::uc_Array(long)
                0x000037b4                uc_Array<uc_Event, true>::uc_Array(long) [clone .lto_priv.150]
                0x00003884                uc_Array<uc_BatEntity, true>::uc_Array(long)
                0x00003884                uc_Array<uc_BatEntity, true>::uc_Array(long) [clone .lto_priv.163]
                0x000038dc                up_java::up_lang::uc_String* operator+<long>(up_java::up_lang::uc_String&, long)
                0x000039f4                uc_Array<uc_Dust, true>::uc_Array(long) [clone .lto_priv.164]
                0x000039f4                uc_Array<uc_Dust, true>::uc_Array(long)
                0x00003a54                uc_Main::drawTextCellCentered(FixedPoints::SFixed<23u, 8u>, FixedPoints::SFixed<23u, 8u>, FixedPoints::SFixed<23u, 8u>, up_java::up_lang::uc_String*)
                0x00003cc0                uc_Main::drawButtonAndLabel(FixedPoints::SFixed<23u, 8u>, FixedPoints::SFixed<23u, 8u>, FixedPoints::SFixed<23u, 8u>, up_java::up_lang::uc_String*, up_java::up_lang::uc_String*)
                0x00003fac                uc_Main::drawBubble(long, long, long, long, long)
                0x00004598                uc_Event::draw(up_femto::up_mode::uc_HiRes16Color*) [clone .constprop.5]
                0x00004cbc                uc_Main::drawBackStoryWindow(long)
                0x00005bcc                uc_Main::DrawPanel(long, long, long, long)
                0x00006210                uc_Main::getNextFreeEvent()
                0x00006334                uc_Main::DrawLoserDialog()
                0x0000647c                uc_Main::update()
 .text.startup  0x00007274      0xc1c C:\Users\hannu\AppData\Local\Temp\ccIwwp9u.ltrans0.ltrans.o
                0x00007674                main
 .text          0x00007e90     0x6880 C:\Users\hannu\AppData\Local\Temp\ccIwwp9u.ltrans1.ltrans.o
                0x00007e90                up_femto::up_mode::uc_HiRes16Color::loadPalette(void const*)
                0x00007f20                uc_BubbleTip::height()
                0x00007f20                uc_Dust::height()
                0x00007f20                up_maps::uc_Tileset::tileCount()
                0x00007f24                uc_Dust::width()
                0x00007f28                uc_BarV::width()
                0x00007f28                uc_BubbleCorner::height()
                0x00007f28                uc_BubbleVert::width()
                0x00007f28                uc_BubbleCorner::width()
                0x00007f28                uc_BubbleHoriz::height()
                0x00007f2c                uc_Vector2d::__mark__(int)
                0x00007f74                up_maps::uc_map::__sizeof__()
                0x00007f74                uc_lewfres__wild_animal_scream::__sizeof__()
                0x00007f74                up_femto::up_input::uc_Button::__sizeof__()
                0x00007f74                up_maps::uc_Tileset::__sizeof__()
                0x00007f74                uc_missozzy_zombie_02::__sizeof__()
                0x00007f74                up_femto::uc_MenuState::__sizeof__()
                0x00007f78                up_femto::uc_Cookie::__mark__(int)
                0x00007ff0                uc_EepromCookie::__mark__(int)
                0x00008060                uc_EepromCookie::__instanceof__(unsigned long)
                0x00008070                uc_EepromCookie::__sizeof__()
                0x00008074                up_java::up_lang::uc_String::__mark__(int)
                0x000080b0                up_java::up_lang::uc_String::__instanceof__(unsigned long)
                0x000080c4                up_java::up_util::uc_Random::__sizeof__()
                0x000080c4                up_java::up_lang::uc_String::__sizeof__()
                0x000080c8                up_femto::uc_Cookie::__instanceof__(unsigned long)
                0x000080d4                up_femto::uc_Cookie::__sizeof__()
                0x000080d8                up_femto::uc_Cookie::isMyBlock(long)
                0x00008194                up_femto::uc_Cookie::findMyNextBlock()
                0x00008298                up_femto::uc_Cookie::writeQueue(char)
                0x00008310                up_femto::uc_Cookie::readQueue()
                0x0000838c                up_femto::uc_Cookie::eraseKeytableEntry(long)
                0x000083f4                up_femto::uc_Cookie::blockIsOwnedBy(long, long)
                0x000084b0                up_femto::uc_Cookie::cleanKeytable()
                0x000086e0                up_femto::uc_Cookie::reserveBlock()
                0x000087d0                up_femto::uc_Cookie::formatKeytable()
                0x0000883c                up_femto::uc_Cookie::readBlock(long, uc_Array<char, false>*)
                0x000088c8                up_femto::uc_Cookie::getBlockTableEntry(long)
                0x00008914                up_femto::uc_Cookie::readKeytableEntry(long, uc_Array<char, false>*)
                0x00008990                up_femto::uc_Cookie::writeKeyToKeytable(uc_Array<char, false>*, long)
                0x000089fc                up_femto::uc_Cookie::isFreeBlock(long)
                0x00008a4c                up_femto::uc_Cookie::getFreeBlocks()
                0x00008ad8                up_femto::uc_Cookie::getAssignedBlocks()
                0x00008bdc                up_femto::uc_Cookie::getFreeKeytableSlot()
                0x00008c3c                up_femto::uc_Cookie::exists(uc_Array<char, false>*)
                0x00008d04                up_femto::uc_Cookie::loadCookie()
                0x00008ed0                up_femto::uc_Cookie::saveCookie()
                0x000090b8                up_femto::uc_Cookie::begin(up_java::up_lang::uc_String*)
                0x000091b8                up_femto::uc_Cookie::initialize()
                0x000095d0                up_femto::uc_State::preinit()
                0x000095d0                up_femto::uc_State::shutdown()
                0x000095d0                up_femto::uc_State::init()
                0x000095d0                uc_BombEntity::playSfx()
                0x000095d4                uc_Coffee::__mark__(int)
                0x00009624                uc_Dust::__sizeof__()
                0x00009624                uc_Crash::__sizeof__()
                0x00009624                uc_RunSfx::__sizeof__()
                0x00009628                uc_Coffee::run()
                0x00009734                uc_Pattern::__mark__(int)
                0x00009784                uc_TitleBrew::__sizeof__()
                0x00009784                uc_LevelMapItem::__sizeof__()
                0x00009784                uc_Panel6::__sizeof__()
                0x00009784                uc_Matti::__sizeof__()
                0x00009784                uc_CastleDay::__sizeof__()
                0x00009784                uc_TitleOfTheUndead::__sizeof__()
                0x00009784                uc_Beans::__sizeof__()
                0x00009784                uc_BubbleTip::__sizeof__()
                0x00009784                uc_Bean::__sizeof__()
                0x00009784                uc_TitleHands::__sizeof__()
                0x00009784                uc_PointsRectBody::__sizeof__()
                0x00009784                up_java::up_lang::uc_Runtime::__sizeof__()
                0x00009784                uc_TitleCup::__sizeof__()
                0x00009784                up_femto::up_input::uc_ButtonListener::__sizeof__()
                0x00009784                uc_BubbleVert::__sizeof__()
                0x00009784                uc_BubbleHoriz::__sizeof__()
                0x00009784                uc_PanelHighLight::__sizeof__()
                0x00009784                uc_Lock::__sizeof__()
                0x00009784                uc_Panel1::__sizeof__()
                0x00009784                uc_Panel4::__sizeof__()
                0x00009784                uc_Panel7::__sizeof__()
                0x00009784                uc_UiButton::__sizeof__()
                0x00009784                up_java::up_lang::uc_Object::__sizeof__()
                0x00009784                uc_BubbleCorner::__sizeof__()
                0x00009784                uc_PointsRectEnds::__sizeof__()
                0x00009784                uc_Panel2::__sizeof__()
                0x00009784                up_java::up_lang::uc_Exception::__sizeof__()
                0x00009788                uc_Pattern::width()
                0x0000978c                uc_Pattern::height()
                0x00009798                uc_Castle::__mark__(int)
                0x000097e8                uc_CastleDay::width()
                0x000097ec                uc_CastleDay::height()
                0x000097f0                uc_Panel6::isTransparent()
                0x000097f0                uc_BubbleTip::isTransparent()
                0x000097f0                uc_TitleBrew::isTransparent()
                0x000097f0                uc_TitleCup::isTransparent()
                0x000097f0                uc_LevelMapItem::isTransparent()
                0x000097f0                uc_TitleHands::isTransparent()
                0x000097f0                uc_UiButton::isTransparent()
                0x000097f0                uc_Panel1::isTransparent()
                0x000097f0                uc_PanelHighLight::isTransparent()
                0x000097f0                uc_PointsRectEnds::isTransparent()
                0x000097f0                uc_BubbleCorner::isTransparent()
                0x000097f0                uc_TitleOfTheUndead::isTransparent()
                0x000097f0                uc_Matti::isTransparent()
                0x000097f0                uc_Bean::isTransparent()
                0x000097f0                uc_Lock::isTransparent()
                0x000097f0                uc_Beans::isTransparent()
                0x000097f0                uc_CastleDay::isTransparent()
                0x000097fc                uc_Zombie::__mark__(int)
                0x00009958                uc_Winner::__mark__(int)
                0x000099a8                uc_PointsRectEnds::height()
                0x000099a8                uc_PointsRectBody::height()
                0x000099a8                uc_Bat3::height()
                0x000099b8                uc_BombEntity::__mark__(int)
                0x00009a0c                uc_MainStartupScreen::__sizeof__()
                0x00009a0c                up_femto::up_mode::uc_ScreenMode::__sizeof__()
                0x00009a0c                up_femto::up_mode::uc_Direct::__sizeof__()
                0x00009a10                uc_BombEntity::drawMe(up_femto::up_mode::uc_HiRes16Color*)
                0x00009a24                uc_breviceps_zombie_gargles::__mark__(int)
                0x00009a90                up_femto::up_sound::uc_Procedural::reset()
                0x00009a98                up_femto::up_sound::uc_Procedural::play()
                0x00009b20                uc_breviceps__step_into_water_puddle_wade::__mark__(int)
                0x0000a23c                uc_MenuDlg::__sizeof__()
                0x0000a8b0                uc_TimeMeterEntity::__mark__(int)
                0x0000a904                uc_Panel4::width()
                0x0000a904                uc_Panel1::height()
                0x0000a904                uc_Panel6::height()
                0x0000a904                uc_Panel7::width()
                0x0000a904                uc_Panel7::height()
                0x0000a904                uc_Panel1::width()
                0x0000a904                uc_Panel6::width()
                0x0000a904                uc_Panel4::height()
                0x0000a904                uc_Enemy::height()
                0x0000a904                uc_Panel2::width()
                0x0000a904                uc_BubbleVert::height()
                0x0000a904                uc_PointsRectBody::width()
                0x0000a904                up_maps::uc_Tileset::width()
                0x0000a904                uc_Beans::width()
                0x0000a904                uc_Panel2::height()
                0x0000a904                uc_BubbleHoriz::width()
                0x0000a904                uc_Beans::height()
                0x0000a904                up_maps::uc_Tileset::height()
                0x0000a908                up_femto::up_mode::uc_HiRes16Color::__mark__(int)
                0x0000a9ac                up_femto::up_mode::uc_HiRes16Color::__instanceof__(unsigned long)
                0x0000a9c0                up_femto::up_mode::uc_HiRes16Color::__sizeof__()
                0x0000a9c0                uc_MainLevelMap::__sizeof__()
                0x0000a9c4                up_femto::up_mode::uc_HiRes16Color::beforeFlush()
                0x0000a9fc                up_femto::up_mode::uc_HiRes16Color::flush()
                0x0000abdc                up_femto::up_mode::uc_Direct::height()
                0x0000abdc                up_femto::up_mode::uc_HiRes16Color::height()
                0x0000abe0                up_femto::up_mode::uc_Direct::width()
                0x0000abe0                up_femto::up_mode::uc_HiRes16Color::width()
                0x0000abe0                uc_TitleHands::width()
                0x0000abe4                up_femto::up_mode::uc_HiRes16Color::drawVLine(long, long, long, long)
                0x0000ac90                up_femto::up_mode::uc_HiRes16Color::drawHLine(long, long, long, long)
                0x0000adac                up_femto::up_mode::uc_HiRes16Color::getPixel(unsigned long, unsigned long)
                0x0000addc                up_femto::up_mode::uc_HiRes16Color::setPixel(unsigned long, unsigned long, long)
                0x0000ae14                up_femto::up_mode::uc_HiRes16Color::clear(long)
                0x0000ae98                uc_Panel1::__mark__(int)
                0x0000aed4                uc_Panel1::__instanceof__(unsigned long)
                0x0000aee8                uc_Panel1::getImageDataForScreen(up_femto::up_mode::uc_HiRes16Color*)
                0x0000aef0                uc_Panel2::__mark__(int)
                0x0000af2c                uc_Panel2::__instanceof__(unsigned long)
                0x0000af40                uc_Panel2::getImageDataForScreen(up_femto::up_mode::uc_HiRes16Color*)
                0x0000af48                uc_Panel4::__mark__(int)
                0x0000af84                uc_Panel4::__instanceof__(unsigned long)
                0x0000af98                uc_Panel4::getImageDataForScreen(up_femto::up_mode::uc_HiRes16Color*)
                0x0000afa0                uc_Panel6::__mark__(int)
                0x0000afdc                uc_Panel6::__instanceof__(unsigned long)
                0x0000aff0                uc_Panel6::getImageDataForScreen(up_femto::up_mode::uc_HiRes16Color*)
                0x0000aff8                uc_Panel7::__mark__(int)
                0x0000b034                uc_Panel7::__instanceof__(unsigned long)
                0x0000b048                uc_Panel7::getImageDataForScreen(up_femto::up_mode::uc_HiRes16Color*)
                0x0000b050                uc_PanelHighLight::__mark__(int)
                0x0000b08c                uc_PanelHighLight::__instanceof__(unsigned long)
                0x0000b0a0                uc_Enemy::width()
                0x0000b0a0                uc_UiButton::width()
                0x0000b0a0                uc_UiButton::height()
                0x0000b0a0                uc_Crash::width()
                0x0000b0a0                uc_Hero::width()
                0x0000b0a0                uc_PanelHighLight::width()
                0x0000b0a4                uc_PanelHighLight::height()
                0x0000b0a8                uc_PanelHighLight::getImageDataForScreen(up_femto::up_mode::uc_HiRes16Color*)
                0x0000b0b4                uc_BubbleVert::__mark__(int)
                0x0000b0f0                uc_BubbleVert::__instanceof__(unsigned long)
                0x0000b104                uc_BubbleVert::getImageDataForScreen(up_femto::up_mode::uc_HiRes16Color*)
                0x0000b110                uc_BubbleHoriz::__mark__(int)
                0x0000b14c                uc_BubbleHoriz::__instanceof__(unsigned long)
                0x0000b160                uc_BubbleHoriz::getImageDataForScreen(up_femto::up_mode::uc_HiRes16Color*)
                0x0000b16c                uc_BubbleCorner::__mark__(int)
                0x0000b1a8                uc_BubbleCorner::__instanceof__(unsigned long)
                0x0000b1bc                uc_BubbleCorner::getImageDataForScreen(up_femto::up_mode::uc_HiRes16Color*)
                0x0000b1c8                uc_BubbleTip::__mark__(int)
                0x0000b204                uc_BubbleTip::__instanceof__(unsigned long)
                0x0000b218                uc_BubbleTip::width()
                0x0000b218                uc_Crash::height()
                0x0000b21c                uc_BubbleTip::getImageDataForScreen(up_femto::up_mode::uc_HiRes16Color*)
                0x0000b228                uc_Matti::__mark__(int)
                0x0000b264                uc_Matti::__instanceof__(unsigned long)
                0x0000b278                uc_Matti::width()
                0x0000b27c                uc_Matti::height()
                0x0000b280                uc_Matti::getImageDataForScreen(up_femto::up_mode::uc_HiRes16Color*)
                0x0000b288                uc_UiButton::__mark__(int)
                0x0000b2c4                uc_UiButton::__instanceof__(unsigned long)
                0x0000b2d8                uc_UiButton::getImageDataForScreen(up_femto::up_mode::uc_HiRes16Color*)
                0x0000b2e4                up_femto::uc_Game::__instanceof__(unsigned long)
                0x0000b2f8                up_femto::uc_Game::__sizeof__()
                0x0000b2fc                up_femto::uc_Game::uc_Game(void const*, up_femto::uc_State*)::{lambda()#1}::operator()() const::uc___anon__111::change(up_femto::up_input::uc_Button*) [clone .lto_priv.100]
                0x0000b428                up_femto::uc_MenuState::__mark__(int)
                0x0000b474                up_femto::uc_MenuState::__instanceof__(unsigned long)
                0x0000b488                uc_MainStartupScreen::__instanceof__(unsigned long)
                0x0000b7cc                up_femto::uc_Cookie::freeBlock(long)
                0x0000b7dc                up_femto::uc_Cookie::deleteCookie()
                0x0000b968                uc_HorizBarEntity::__mark__(int)
                0x0000ba40                uc_VertBarEntity::__mark__(int)
                0x0000bb18                up_femto::uc_Game::__mark__(int)
                0x0000bba0                uc_MainStartupScreen::__mark__(int)
                0x0000c0bc                up_femto::uc_MenuState::volume(up_femto::uc_Prompt*)
                0x0000c318                up_femto::uc_MenuState::statistics(up_femto::uc_Prompt*)
                0x0000c5b8                up_femto::uc_MenuState::update()
                0x0000ccd8                up_femto::up_mode::uc_HiRes16Color::initialize(void const*, void const*)
                0x0000cf14                up_femto::uc_Game::changeState(up_femto::uc_State*)
                0x0000cf6c                uc_Main::init()
 .text          0x0000e710     0x6760 C:\Users\hannu\AppData\Local\Temp\ccIwwp9u.ltrans2.ltrans.o
                0x0000e710                uc_Event::isFree()
                0x0000e720                up_femto::up_mode::uc_ScreenMode::fillRect(long, long, long, long, long)
                0x0000e7ac                up_femto::up_input::uc_Button::isPressed()
                0x0000e7cc                up_femto::up_input::uc_Button::justPressed()
                0x0000e810                up_femto::uc_StateMachine::setState(up_femto::uc_State*)
                0x0000e814                uc_Event::clear()
                0x0000e824                up_femto::uc_StateMachine::update()
                0x0000e864                up_femto::uc_StateMachine::getState()
                0x0000e868                up_java::up_lang::uc_Runtime::__mark__(int)
                0x0000e868                up_java::up_lang::uc_Exception::__mark__(int)
                0x0000e868                up_maps::uc_mapData::__mark__(int)
                0x0000e868                up_femto::up_input::uc_ButtonListener::__mark__(int)
                0x0000e8a4                up_java::up_lang::uc_Runtime::__instanceof__(unsigned long)
                0x0000e8b0                up_java::up_lang::uc_Runtime::totalMemory()
                0x0000e8c0                up_java::up_lang::uc_Runtime::freeMemory()
                0x0000e8f0                up_java::up_lang::uc_Runtime::availableProcessors()
                0x0000e8f4                up_femto::up_mode::uc_ScreenMode::__mark__(int)
                0x0000e930                up_femto::up_mode::uc_ScreenMode::__instanceof__(unsigned long)
                0x0000e93c                up_femto::up_mode::uc_ScreenMode::textHeight()
                0x0000e948                up_femto::up_mode::uc_ScreenMode::println(up_java::up_lang::uc_String*)
                0x0000e984                up_femto::up_mode::uc_ScreenMode::textWidth(up_java::up_lang::uc_String*)
                0x0000e9dc                up_femto::up_mode::uc_ScreenMode::fillTriangle(long, long, long, long, long, long, signed char)
                0x0000eca4                up_femto::up_mode::uc_ScreenMode::drawLine(long, long, long, long, long)
                0x0000ee8c                up_femto::up_mode::uc_ScreenMode::drawLine(FixedPoints::SFixed<23u, 8u>, FixedPoints::SFixed<23u, 8u>, FixedPoints::SFixed<23u, 8u>, FixedPoints::SFixed<23u, 8u>, long, bool)
                0x0000eef4                up_femto::up_mode::uc_ScreenMode::fillCircle(long, long, long, long)
                0x0000efc8                up_femto::up_mode::uc_ScreenMode::fillCircle(FixedPoints::SFixed<23u, 8u>, FixedPoints::SFixed<23u, 8u>, FixedPoints::SFixed<23u, 8u>, long, bool)
                0x0000f014                up_femto::up_mode::uc_ScreenMode::drawCircle(long, long, long, long)
                0x0000f178                up_femto::up_mode::uc_ScreenMode::drawCircle(FixedPoints::SFixed<23u, 8u>, FixedPoints::SFixed<23u, 8u>, FixedPoints::SFixed<23u, 8u>, long, bool)
                0x0000f1c4                up_femto::up_mode::uc_ScreenMode::fillRect(FixedPoints::SFixed<23u, 8u>, FixedPoints::SFixed<23u, 8u>, FixedPoints::SFixed<23u, 8u>, FixedPoints::SFixed<23u, 8u>, long, bool)
                0x0000f220                up_femto::up_mode::uc_ScreenMode::drawRect(long, long, long, long, long)
                0x0000f284                up_femto::up_mode::uc_ScreenMode::drawRect(FixedPoints::SFixed<23u, 8u>, FixedPoints::SFixed<23u, 8u>, FixedPoints::SFixed<23u, 8u>, FixedPoints::SFixed<23u, 8u>, long, bool)
                0x0000f2e0                up_femto::up_mode::uc_ScreenMode::drawVLine(long, long, long, long)
                0x0000f2e0                up_femto::up_mode::uc_ScreenMode::drawHLine(long, long, long, long)
                0x0000f2e4                up_femto::up_mode::uc_ScreenMode::drawVLine(FixedPoints::SFixed<23u, 8u>, FixedPoints::SFixed<23u, 8u>, FixedPoints::SFixed<23u, 8u>, long, bool)
                0x0000f330                up_femto::up_mode::uc_ScreenMode::drawHLine(FixedPoints::SFixed<23u, 8u>, FixedPoints::SFixed<23u, 8u>, FixedPoints::SFixed<23u, 8u>, long, bool)
                0x0000f37c                up_femto::up_mode::uc_ScreenMode::setPixel(unsigned long, unsigned long, long)
                0x0000f380                up_femto::up_mode::uc_ScreenMode::setPixel(FixedPoints::SFixed<23u, 8u>, FixedPoints::SFixed<23u, 8u>, long, bool)
                0x0000f3b8                up_femto::up_mode::uc_ScreenMode::setTextColor(long)
                0x0000f3bc                up_femto::up_mode::uc_ScreenMode::setTextPosition(FixedPoints::SFixed<23u, 8u>, FixedPoints::SFixed<23u, 8u>)
                0x0000f3c4                up_femto::up_mode::uc_ScreenMode::flush()
                0x0000f448                up_femto::up_mode::uc_ScreenMode::fps()
                0x0000f464                uc_Event::__instanceof__(unsigned long)
                0x0000f470                uc_Event::__sizeof__()
                0x0000f474                up_femto::uc_Sprite::setFlipped(bool)
                0x0000f488                up_femto::uc_Sprite::setMirrored(bool)
                0x0000f49c                uc_ZombieEntity::__instanceof__(unsigned long)
                0x0000f4a8                uc_ZombieEntity::draw(up_femto::up_mode::uc_HiRes16Color*)
                0x0000f4b4                uc_ZombieEntity::getX()
                0x0000f4bc                uc_ZombieEntity::setY(FixedPoints::SFixed<23u, 8u>)
                0x0000f4c4                uc_ZombieEntity::setX(FixedPoints::SFixed<23u, 8u>)
                0x0000f4cc                uc_ZombieEntity::getY()
                0x0000f4d4                up_femto::uc_Sprite::updateAnimation()
                0x0000f574                up_femto::uc_Sprite::setPosition(FixedPoints::SFixed<23u, 8u>, FixedPoints::SFixed<23u, 8u>)
                0x0000f57c                up_femto::uc_Sprite::draw(up_femto::up_mode::uc_HiRes16Color*, FixedPoints::SFixed<23u, 8u>, FixedPoints::SFixed<23u, 8u>)
                0x0000f5ac                up_femto::uc_Sprite::setStatic(bool)
                0x0000f5c0                up_femto::uc_Sprite::isFlipped()
                0x0000f5c8                up_femto::uc_Sprite::isMirrored()
                0x0000f5d0                up_femto::uc_Sprite::isStatic()
                0x0000f5d8                up_femto::uc_Sprite::getEndFrame()
                0x0000f5dc                up_femto::uc_Sprite::getStartFrame()
                0x0000f5e0                up_femto::uc_Sprite::getCurrentFrame()
                0x0000f5e4                uc_Bomb::runActive()
                0x0000f65c                uc_Bomb::runActivating()
                0x0000f6dc                uc_Bomb::width()
                0x0000f6e0                uc_Bomb::height()
                0x0000f6e4                uc_Bomb::getFrameDataForScreen(unsigned long, up_femto::up_mode::uc_HiRes16Color*)
                0x0000f6f0                up_femto::up_input::uc_Button::__mark__(int)
                0x0000f764                up_femto::up_input::uc_Button::__instanceof__(unsigned long)
                0x0000f770                up_femto::up_input::uc_Button::__class_initializer__()::{lambda()#1}::operator()() const::uc___anon__124::change(up_femto::up_input::uc_Button*) [clone .lto_priv.101]
                0x0000f780                up_femto::up_input::uc_Button::intpin()
                0x0000f79c                up_femto::up_input::uc_Button::detach()
                0x0000f7a4                up_femto::up_input::uc_Button::attach(up_femto::up_input::uc_ButtonListener*)
                0x0000f7a8                uc_MainDay::__instanceof__(unsigned long)
                0x0000f7bc                uc_MainDay::__sizeof__()
                0x0000f7bc                uc_HeroEntity::__sizeof__()
                0x0000f7c0                uc_Event::draw(up_femto::up_mode::uc_HiRes16Color*)
                0x0000ff04                uc_Event::__mark__(int)
                0x0000ffd4                uc_ZombieEntity::__mark__(int)
                0x00010048                uc_MainDay::__mark__(int)
                0x000101a8                uc_Event::setGfxPrimitiveMoveAnimEvent(long long, long long, FixedPoints::SFixed<23u, 8u>, FixedPoints::SFixed<23u, 8u>, FixedPoints::SFixed<23u, 8u>, FixedPoints::SFixed<23u, 8u>, long long, long long, long long, long long, bool)
                0x000102b8                uc_Event::setMoveAnimEvent(long long, long long, FixedPoints::SFixed<23u, 8u>, FixedPoints::SFixed<23u, 8u>, FixedPoints::SFixed<23u, 8u>, FixedPoints::SFixed<23u, 8u>, up_femto::uc_Image*, up_femto::uc_Sprite*, bool, FixedPoints::SFixed<23u, 8u>, FixedPoints::SFixed<23u, 8u>)
                0x000103b0                uc_Event::setSpiralAnimationEffect(long long, up_femto::uc_Sprite*, FixedPoints::SFixed<23u, 8u>, FixedPoints::SFixed<23u, 8u>)
                0x000104fc                uc_Event::setSfxEvent(long long, up_femto::up_sound::uc_Procedural*, FixedPoints::SFixed<23u, 8u>, FixedPoints::SFixed<23u, 8u>)
                0x000105f8                uc_Event::setTutorialBubbleEvent(long long, uc_Array<up_java::up_lang::uc_String, true>*, uc_Array<up_java::up_lang::uc_String, true>*, long)
                0x000106a4                up_femto::up_mode::uc_ScreenMode::putchar(char)
                0x000106c8                up_femto::up_mode::uc_ScreenMode::print(long)
                0x000107d8                up_femto::up_mode::uc_ScreenMode::print(unsigned long)
                0x000108d4                up_femto::up_mode::uc_ScreenMode::print(up_java::up_lang::uc_String*)
                0x00010984                up_femto::up_mode::uc_ScreenMode::print(FixedPoints::SFixed<23u, 8u>)
                0x00010a1c                uc_Event::execute()
                0x00010d9c                uc_ZombieEntity::update()
                0x00010fe0                uc_MainDay::DrawWinnerDayDialog()
                0x0001139c                uc_MainDay::updateAndDrawBeanCount()
                0x0001192c                up_java::up_lang::uc_System::currentTimeMillis()
                0x0001198c                uc_MainDay::update()
                0x00013194                up_femto::uc_Sprite::__blit_4bpp(void const*, long, long, up_femto::up_mode::uc_HiRes16Color*, bool, bool)
                0x00013570                up_femto::uc_Sprite::draw(up_femto::up_mode::uc_HiRes16Color*)
                0x000136f4                uc_MainStartupScreen::update()
                0x000144ac                uc_Event::setBubbleTextEvent(long long, up_java::up_lang::uc_String*, up_java::up_lang::uc_String*)
                0x000145ec                uc_MainStartupScreen::init()
 .text          0x00014e70     0x6774 C:\Users\hannu\AppData\Local\Temp\ccIwwp9u.ltrans3.ltrans.o
                0x00014e70                uc_MainLevelMap::__instanceof__(unsigned long)
                0x00014e8c                up_femto::uc_Image::isTransparent()
                0x00014e90                uc_TimeMeter::getImageDataForScreen(up_femto::up_mode::uc_HiRes16Color*)
                0x00014e98                up_java::up_lang::uc_Object::__instanceof__(unsigned long)
                0x00014ea4                uc_BarH::__mark__(int)
                0x00014ee0                uc_BarH::__instanceof__(unsigned long)
                0x00014ef4                uc_BarH::getImageDataForScreen(up_femto::up_mode::uc_HiRes16Color*)
                0x00014f00                uc_BarV::__mark__(int)
                0x00014f3c                uc_BarV::__instanceof__(unsigned long)
                0x00014f50                uc_BarV::getImageDataForScreen(up_femto::up_mode::uc_HiRes16Color*)
                0x0001502c                up_maps::uc_map::drawDayField(up_femto::up_mode::uc_HiRes16Color*)
                0x00015038                uc_EnemyEntity::__mark__(int)
                0x00015090                uc_EnemyEntity::drawMe(up_femto::up_mode::uc_HiRes16Color*)
                0x0001509c                uc_EnemyEntity::update(up_femto::up_mode::uc_HiRes16Color*)
                0x00015180                uc_HeroEntity::drawMe(up_femto::up_mode::uc_HiRes16Color*)
                0x00015200                up_maps::uc_BaseMap::height()
                0x0001520c                uc_Hero::height()
                0x000152a0                up_femto::uc_Prompt::__instanceof__(unsigned long)
                0x000152ac                up_femto::uc_Prompt::__sizeof__()
                0x000152b0                up_femto::up_mode::uc_Direct::drawHLine(long, long, long, long)
                0x00015660                up_java::up_lang::uc_Exception::__instanceof__(unsigned long)
                0x0001566c                up_femto::up_input::uc_ButtonListener::__instanceof__(unsigned long)
                0x00015678                uc_TitleBrew::__mark__(int)
                0x000156b4                uc_TitleBrew::__instanceof__(unsigned long)
                0x000156c8                uc_TitleBrew::width()
                0x000156cc                uc_TitleBrew::height()
                0x000156d0                uc_TitleBrew::getImageDataForScreen(up_femto::up_mode::uc_HiRes16Color*)
                0x000156d8                uc_TitleCup::__mark__(int)
                0x00015714                uc_TitleCup::__instanceof__(unsigned long)
                0x00015728                uc_TitleCup::width()
                0x0001572c                uc_TitleCup::height()
                0x00015730                uc_TitleCup::getImageDataForScreen(up_femto::up_mode::uc_HiRes16Color*)
                0x00015738                uc_TitleHands::__mark__(int)
                0x00015774                uc_TitleHands::__instanceof__(unsigned long)
                0x00015788                uc_TitleHands::height()
                0x0001578c                uc_TitleHands::getImageDataForScreen(up_femto::up_mode::uc_HiRes16Color*)
                0x00015794                uc_TitleOfTheUndead::__mark__(int)
                0x000157d0                uc_TitleOfTheUndead::__instanceof__(unsigned long)
                0x000157e4                uc_TitleOfTheUndead::width()
                0x000157e8                uc_TitleOfTheUndead::height()
                0x000157ec                uc_TitleOfTheUndead::getImageDataForScreen(up_femto::up_mode::uc_HiRes16Color*)
                0x000157f4                uc_missozzy_zombie_02::__mark__(int)
                0x00015830                uc_missozzy_zombie_02::__instanceof__(unsigned long)
                0x00015844                uc_missozzy_zombie_02::update()
                0x00015864                uc_MenuDlg::__instanceof__(unsigned long)
                0x00015870                uc_MenuDlg::draw()
                0x0001587c                uc_MenuDlg::update()
                0x00015ae0                uc_CastleDay::__mark__(int)
                0x00015b38                uc_Bean::__mark__(int)
                0x00015bb4                uc_BatEntity::drawMe(up_femto::up_mode::uc_HiRes16Color*)
                0x00015c18                uc_BatEntity::update(up_femto::up_mode::uc_HiRes16Color*)
                0x00015d94                up_maps::uc_BaseMap::tileHeight()
                0x000160f0                up_maps::uc_Tileset::__mark__(int)
                0x00016294                uc_Dust::__mark__(int)
                0x000162e4                uc_Dust::run()
                0x00016374                uc_lewfres__wild_animal_scream::__mark__(int)
                0x000163e4                uc_Dust::~uc_Dust() [clone .lto_priv.137]
                0x000163e4                uc_Zombie::~uc_Zombie() [clone .lto_priv.124]
                0x000163e4                uc_Coffee::~uc_Coffee() [clone .lto_priv.125]
                0x000163e8                uc_Castle::~uc_Castle() [clone .lto_priv.119]
                0x000163e8                uc_Matti::~uc_Matti() [clone .lto_priv.94]
                0x000163e8                uc_UiButton::~uc_UiButton() [clone .lto_priv.95]
                0x000163e8                uc_Panel7::~uc_Panel7() [clone .lto_priv.88]
                0x000163e8                uc_BarV::~uc_BarV() [clone .lto_priv.131]
                0x000163e8                uc_BarH::~uc_BarH() [clone .lto_priv.133]
                0x000163e8                uc_Panel1::~uc_Panel1() [clone .lto_priv.84]
                0x000163e8                uc_BubbleHoriz::~uc_BubbleHoriz() [clone .lto_priv.91]
                0x000163e8                uc_PanelHighLight::~uc_PanelHighLight() [clone .lto_priv.89]
                0x000163e8                uc_BubbleVert::~uc_BubbleVert() [clone .lto_priv.90]
                0x000163e8                uc_Panel6::~uc_Panel6() [clone .lto_priv.87]
                0x000163e8                uc_Panel4::~uc_Panel4() [clone .lto_priv.86]
                0x000163e8                uc_Panel2::~uc_Panel2() [clone .lto_priv.85]
                0x000163e8                uc_TitleOfTheUndead::~uc_TitleOfTheUndead() [clone .lto_priv.158]
                0x000163e8                uc_BubbleTip::~uc_BubbleTip() [clone .lto_priv.93]
                0x000163e8                uc_TitleHands::~uc_TitleHands() [clone .lto_priv.157]
                0x000163e8                uc_TitleBrew::~uc_TitleBrew() [clone .lto_priv.155]
                0x000163e8                uc_TitleCup::~uc_TitleCup() [clone .lto_priv.156]
                0x000163e8                uc_Beans::~uc_Beans() [clone .lto_priv.111]
                0x000163e8                uc_Winner::~uc_Winner() [clone .lto_priv.121]
                0x000163e8                uc_Pattern::~uc_Pattern() [clone .lto_priv.118]
                0x000163e8                uc_BubbleCorner::~uc_BubbleCorner() [clone .lto_priv.92]
                0x000163ec                uc_breviceps__step_into_water_puddle_wade::~uc_breviceps__step_into_water_puddle_wade() [clone .lto_priv.123]
                0x000163ec                uc_lewfres__wild_animal_scream::~uc_lewfres__wild_animal_scream() [clone .lto_priv.136]
                0x000163ec                uc_breviceps_zombie_gargles::~uc_breviceps_zombie_gargles() [clone .lto_priv.122]
                0x000163ec                uc_missozzy_zombie_02::~uc_missozzy_zombie_02() [clone .lto_priv.159]
                0x00016410                SysTick_Handler
                0x00016420                up_java::up_lang::uc_Object::__mark__(int)
                0x00016440                NMI_Handler
                0x00016444                PendSV_Handler
                0x00016448                SVC_Handler
                0x0001644c                HardFault_Handler
                0x00016450                uc_Main::~uc_Main()
                0x00016460                uc_Vector2d::~uc_Vector2d()
                0x00016470                uc_EepromCookie::~uc_EepromCookie()
                0x00016480                up_femto::uc_Cookie::~uc_Cookie()
                0x00016490                uc_Coffee::~uc_Coffee()
                0x00016490                uc_Zombie::~uc_Zombie()
                0x000164a0                uc_Pattern::~uc_Pattern()
                0x000164a0                uc_BarV::~uc_BarV()
                0x000164a0                uc_TitleOfTheUndead::~uc_TitleOfTheUndead()
                0x000164a0                uc_BubbleCorner::~uc_BubbleCorner()
                0x000164a0                uc_Panel1::~uc_Panel1()
                0x000164a0                uc_Panel6::~uc_Panel6()
                0x000164a0                uc_TitleCup::~uc_TitleCup()
                0x000164a0                uc_Panel2::~uc_Panel2()
                0x000164a0                uc_Castle::~uc_Castle()
                0x000164a0                uc_TitleBrew::~uc_TitleBrew()
                0x000164a0                uc_UiButton::~uc_UiButton()
                0x000164a0                uc_BubbleTip::~uc_BubbleTip()
                0x000164a0                uc_Panel4::~uc_Panel4()
                0x000164a0                uc_TitleHands::~uc_TitleHands()
                0x000164a0                uc_Matti::~uc_Matti()
                0x000164a0                uc_Panel7::~uc_Panel7()
                0x000164a0                uc_BubbleHoriz::~uc_BubbleHoriz()
                0x000164a0                uc_PanelHighLight::~uc_PanelHighLight()
                0x000164a0                uc_BubbleVert::~uc_BubbleVert()
                0x000164a0                uc_Winner::~uc_Winner()
                0x000164a0                uc_BarH::~uc_BarH()
                0x000164b0                uc_BombEntity::~uc_BombEntity()
                0x000164c0                uc_breviceps_zombie_gargles::~uc_breviceps_zombie_gargles()
                0x000164c0                uc_missozzy_zombie_02::~uc_missozzy_zombie_02()
                0x000164c0                uc_breviceps__step_into_water_puddle_wade::~uc_breviceps__step_into_water_puddle_wade()
                0x000164d0                uc_HorizBarEntity::~uc_HorizBarEntity()
                0x000164e0                uc_VertBarEntity::~uc_VertBarEntity()
                0x000164f0                uc_TimeMeterEntity::~uc_TimeMeterEntity()
                0x00016500                up_femto::up_mode::uc_HiRes16Color::~uc_HiRes16Color()
                0x00016510                up_femto::uc_Game::~uc_Game()
                0x00016520                up_femto::uc_MenuState::~uc_MenuState()
                0x00016530                uc_MainStartupScreen::~uc_MainStartupScreen()
                0x00016540                uc_Event::~uc_Event()
                0x00016550                uc_ZombieEntity::~uc_ZombieEntity()
                0x00016560                up_femto::up_input::uc_Button::~uc_Button()
                0x00016570                uc_MainDay::~uc_MainDay()
                0x00016580                uc_MainLevelMap::~uc_MainLevelMap()
                0x000165d0                up_femto::uc_Prompt::~uc_Prompt()
                0x000165f0                uc_MenuDlg::~uc_MenuDlg()
                0x00016630                up_java::up_lang::uc_Object::~uc_Object()
                0x00016640                uc_MainLevelMap::__mark__(int)
                0x00016938                up_femto::uc_Prompt::__mark__(int)
                0x000169ac                uc_MenuDlg::__mark__(int)
                0x00016a20                uc_BatEntity::__mark__(int)
                0x00016a8c                up_java::up_lang::uc_String::~uc_String()
                0x00016b44                uc_MenuDlg::drawMenu()
                0x00016c88                operator delete(void*)
                0x00016ca4                up_femto::uc_Image::__blit_4bpp(void const*, long, long, up_femto::up_mode::uc_HiRes16Color*, bool, bool)
                0x00017074                up_femto::uc_Image::draw(up_femto::up_mode::uc_HiRes16Color*, FixedPoints::SFixed<23u, 8u>, FixedPoints::SFixed<23u, 8u>, bool, bool, bool)
                0x0001711c                up_femto::uc_Image::draw(up_femto::up_mode::uc_HiRes16Color*, FixedPoints::SFixed<23u, 8u>, FixedPoints::SFixed<23u, 8u>)
                0x000173c8                uc_Main::~uc_Main() [clone .lto_priv.161]
                0x000173c8                uc_Main::~uc_Main() [clone .lto_priv.154]
                0x000173cc                uc_Vector2d::~uc_Vector2d() [clone .lto_priv.139]
                0x000173cc                uc_Vector2d::~uc_Vector2d() [clone .lto_priv.127]
                0x000173d0                uc_EepromCookie::~uc_EepromCookie() [clone .lto_priv.81]
                0x000173d0                uc_EepromCookie::~uc_EepromCookie() [clone .lto_priv.108]
                0x000173d4                up_femto::uc_Cookie::~uc_Cookie() [clone .lto_priv.82]
                0x000173d4                up_femto::uc_Cookie::~uc_Cookie() [clone .lto_priv.109]
                0x000173d8                uc_BombEntity::~uc_BombEntity() [clone .lto_priv.126]
                0x000173d8                uc_BombEntity::~uc_BombEntity() [clone .lto_priv.138]
                0x000173dc                uc_HorizBarEntity::~uc_HorizBarEntity() [clone .lto_priv.143]
                0x000173dc                uc_HorizBarEntity::~uc_HorizBarEntity() [clone .lto_priv.132]
                0x000173e0                uc_VertBarEntity::~uc_VertBarEntity() [clone .lto_priv.142]
                0x000173e0                uc_VertBarEntity::~uc_VertBarEntity() [clone .lto_priv.130]
                0x000173e4                uc_TimeMeterEntity::~uc_TimeMeterEntity() [clone .lto_priv.135]
                0x000173e4                uc_TimeMeterEntity::~uc_TimeMeterEntity() [clone .lto_priv.120]
                0x000173e8                up_femto::up_mode::uc_HiRes16Color::~uc_HiRes16Color() [clone .lto_priv.107]
                0x000173e8                up_femto::up_mode::uc_HiRes16Color::~uc_HiRes16Color() [clone .lto_priv.80]
                0x000173ec                up_femto::up_palette::uc_Pico8::~uc_Pico8()
                0x000173ec                up_java::up_lang::uc_Runtime::~uc_Runtime()
                0x000173ec                up_java::up_lang::uc_Exception::~uc_Exception()
                0x000173fc                up_femto::uc_Game::~uc_Game() [clone .lto_priv.97]
                0x000173fc                up_femto::uc_Game::~uc_Game() [clone .lto_priv.113]
                0x00017400                up_femto::uc_MenuState::~uc_MenuState() [clone .lto_priv.99]
                0x00017400                up_femto::uc_MenuState::~uc_MenuState() [clone .lto_priv.114]
                0x00017404                uc_MainStartupScreen::~uc_MainStartupScreen() [clone .lto_priv.96]
                0x00017404                uc_MainStartupScreen::~uc_MainStartupScreen() [clone .lto_priv.112]
                0x00017408                up_java::up_lang::uc_Runtime::~uc_Runtime() [clone .lto_priv.79]
                0x00017408                up_java::up_lang::uc_Exception::~uc_Exception() [clone .lto_priv.106]
                0x00017408                up_java::up_lang::uc_Exception::~uc_Exception() [clone .lto_priv.98]
                0x0001740c                uc_Event::~uc_Event() [clone .lto_priv.141]
                0x0001740c                uc_Event::~uc_Event() [clone .lto_priv.129]
                0x00017410                uc_ZombieEntity::~uc_ZombieEntity() [clone .lto_priv.140]
                0x00017410                uc_ZombieEntity::~uc_ZombieEntity() [clone .lto_priv.128]
                0x00017414                up_femto::up_input::uc_Button::~uc_Button() [clone .lto_priv.105]
                0x00017414                up_femto::up_input::uc_Button::~uc_Button() [clone .lto_priv.78]
                0x00017418                uc_MainDay::~uc_MainDay() [clone .lto_priv.103]
                0x00017418                uc_MainDay::~uc_MainDay() [clone .lto_priv.116]
                0x0001741c                uc_MainLevelMap::~uc_MainLevelMap() [clone .lto_priv.115]
                0x0001741c                uc_MainLevelMap::~uc_MainLevelMap() [clone .lto_priv.102]
                0x00017420                up_femto::uc_Prompt::~uc_Prompt() [clone .lto_priv.144]
                0x00017420                up_femto::uc_Prompt::~uc_Prompt() [clone .lto_priv.134]
                0x00017424                uc_MenuDlg::~uc_MenuDlg() [clone .lto_priv.160]
                0x00017424                uc_MenuDlg::~uc_MenuDlg() [clone .lto_priv.153]
                0x00017428                up_java::up_lang::uc_String::~uc_String() [clone .lto_priv.110]
                0x00017428                up_java::up_lang::uc_String::~uc_String() [clone .lto_priv.83]
                0x00017460                up_java::up_lang::uc_Object::__gc__()
                0x000175b0                __wrap_malloc
                0x000175e4                operator new(unsigned int)
                0x00017680                __str__T::operator up_java::up_lang::uc_String*()
                0x000176cc                uc_MainLevelMap::update()
                0x0001861c                uc_MainLevelMap::init()
                0x00018958                up_java::up_lang::uc_Math::random(long, long)
                0x00018b04                up_femto::uc_Prompt::show()
                0x00019194                up_java::up_lang::uc_Math::random()
                0x000192e0                uc_HeroEntity::update(up_femto::up_mode::uc_HiRes16Color*)
                0x0001a05c                operator+(up_java::up_lang::uc_String&, up_java::up_lang::uc_String&)
                0x0001a18c                uc_Array<bool, false>::uc_Array(long)
                0x0001a18c                uc_Array<bool, false>::uc_Array(long) [clone .lto_priv.149]
                0x0001a20c                up_java::up_lang::uc_Object::~uc_Object() [clone .lto_priv.77]
                0x0001a20c                up_java::up_lang::uc_Object::~uc_Object() [clone .lto_priv.104]
                0x0001a210                miniftoa(FixedPoints::SFixed<23u, 8u>, char*)
                0x0001a340                USB_FIQHandler
                0x0001a340                USART2_3_IRQHandler
                0x0001a340                I2C0_IRQHandler
                0x0001a340                USART0_IRQHandler
                0x0001a340                TIMER16_1_IRQHandler
                0x0001a340                DMA_IRQHandler
                0x0001a340                USBWakeup_IRQHandler
                0x0001a340                SCT0_1_IRQHandler
                0x0001a340                PIN_INT6_IRQHandler
                0x0001a340                PIN_INT3_IRQHandler
                0x0001a340                USART1_4_IRQHandler
                0x0001a340                PIN_INT5_IRQHandler
                0x0001a340                TIMER32_1_IRQHandler
                0x0001a340                SSP1_IRQHandler
                0x0001a340                PIN_INT7_IRQHandler
                0x0001a340                FMC_IRQHandler
                0x0001a340                GINT0_IRQHandler
                0x0001a340                IntDefaultHandler
                0x0001a340                PIN_INT2_IRQHandler
                0x0001a340                RTC_IRQHandler
                0x0001a340                GINT1_IRQHandler
                0x0001a340                TIMER16_0_IRQHandler
                0x0001a340                USB_IRQHandler
                0x0001a340                ADCB_IRQHandler
                0x0001a340                I2C1_IRQHandler
                0x0001a340                PIN_INT4_IRQHandler
                0x0001a340                BOD_WDT_IRQHandler
                0x0001a340                ADCA_IRQHandler
                0x0001a340                SSP0_IRQHandler
                0x0001a344                __wrap_exit
                0x0001a47c                __wrap__sbrk
                0x0001a4ac                uc_MainDay::init()
 .text.startup  0x0001b5e4       0x34 C:\Users\hannu\AppData\Local\Temp\ccIwwp9u.ltrans3.ltrans.o
                0x0001b5e4                __str__T::operator __ref__<up_java::up_lang::uc_String>()
 .text._ZN12_GLOBAL__N_14pool4freeEPv.constprop.4
                0x0001b618       0x68 c:/bin/femtoide/ide-windows/windows/arm/bin/../lib/gcc/arm-none-eabi/8.2.1/../../../../arm-none-eabi/lib/thumb/v6-m/nofp\libstdc++_nano.a(eh_alloc.o)
 .text._ZN12_GLOBAL__N_14pool8allocateEj.constprop.5
                0x0001b680       0x48 c:/bin/femtoide/ide-windows/windows/arm/bin/../lib/gcc/arm-none-eabi/8.2.1/../../../../arm-none-eabi/lib/thumb/v6-m/nofp\libstdc++_nano.a(eh_alloc.o)
 .text.__cxa_allocate_exception
                0x0001b6c8       0x2c c:/bin/femtoide/ide-windows/windows/arm/bin/../lib/gcc/arm-none-eabi/8.2.1/../../../../arm-none-eabi/lib/thumb/v6-m/nofp\libstdc++_nano.a(eh_alloc.o)
                0x0001b6c8                __cxa_allocate_exception
 .text.__cxa_free_exception
                0x0001b6f4       0x24 c:/bin/femtoide/ide-windows/windows/arm/bin/../lib/gcc/arm-none-eabi/8.2.1/../../../../arm-none-eabi/lib/thumb/v6-m/nofp\libstdc++_nano.a(eh_alloc.o)
                0x0001b6f4                __cxa_free_exception
 .text.startup._GLOBAL__sub_I__ZN9__gnu_cxx9__freeresEv
                0x0001b718       0x2c c:/bin/femtoide/ide-windows/windows/arm/bin/../lib/gcc/arm-none-eabi/8.2.1/../../../../arm-none-eabi/lib/thumb/v6-m/nofp\libstdc++_nano.a(eh_alloc.o)
 .text.__cxa_pure_virtual
                0x0001b744        0x6 c:/bin/femtoide/ide-windows/windows/arm/bin/../lib/gcc/arm-none-eabi/8.2.1/../../../../arm-none-eabi/lib/thumb/v6-m/nofp\libstdc++_nano.a(pure.o)
                0x0001b744                __cxa_pure_virtual
 .text.unlikely.__cxa_throw_bad_array_new_length
                0x0001b74a        0x6 c:/bin/femtoide/ide-windows/windows/arm/bin/../lib/gcc/arm-none-eabi/8.2.1/../../../../arm-none-eabi/lib/thumb/v6-m/nofp\libstdc++_nano.a(eh_aux_runtime.o)
                0x0001b74a                __cxa_throw_bad_array_new_length
 .text._ZN10__cxxabiv111__terminateEPFvvE
                0x0001b750        0x8 c:/bin/femtoide/ide-windows/windows/arm/bin/../lib/gcc/arm-none-eabi/8.2.1/../../../../arm-none-eabi/lib/thumb/v6-m/nofp\libstdc++_nano.a(eh_terminate.o)
                0x0001b750                __cxxabiv1::__terminate(void (*)())
 .text._ZSt9terminatev
                0x0001b758       0x10 c:/bin/femtoide/ide-windows/windows/arm/bin/../lib/gcc/arm-none-eabi/8.2.1/../../../../arm-none-eabi/lib/thumb/v6-m/nofp\libstdc++_nano.a(eh_terminate.o)
                0x0001b758                std::terminate()
 .text._ZSt13get_terminatev
                0x0001b768        0xc c:/bin/femtoide/ide-windows/windows/arm/bin/../lib/gcc/arm-none-eabi/8.2.1/../../../../arm-none-eabi/lib/thumb/v6-m/nofp\libstdc++_nano.a(eh_terminate.o)
                0x0001b768                std::get_terminate()
 .text._ZSt14get_unexpectedv
                0x0001b774        0xc c:/bin/femtoide/ide-windows/windows/arm/bin/../lib/gcc/arm-none-eabi/8.2.1/../../../../arm-none-eabi/lib/thumb/v6-m/nofp\libstdc++_nano.a(eh_terminate.o)
                0x0001b774                std::get_unexpected()
 .text._ZdlPvj  0x0001b780        0x8 c:/bin/femtoide/ide-windows/windows/arm/bin/../lib/gcc/arm-none-eabi/8.2.1/../../../../arm-none-eabi/lib/thumb/v6-m/nofp\libstdc++_nano.a(del_ops.o)
                0x0001b780                operator delete(void*, unsigned int)
 .text._ZL23__gxx_exception_cleanup19_Unwind_Reason_CodeP21_Unwind_Control_Block
                0x0001b788       0x30 c:/bin/femtoide/ide-windows/windows/arm/bin/../lib/gcc/arm-none-eabi/8.2.1/../../../../arm-none-eabi/lib/thumb/v6-m/nofp\libstdc++_nano.a(eh_throw.o)
 .text.__cxa_init_primary_exception
                0x0001b7b8       0x4c c:/bin/femtoide/ide-windows/windows/arm/bin/../lib/gcc/arm-none-eabi/8.2.1/../../../../arm-none-eabi/lib/thumb/v6-m/nofp\libstdc++_nano.a(eh_throw.o)
                0x0001b7b8                __cxa_init_primary_exception
 .text.__cxa_throw
                0x0001b804       0x32 c:/bin/femtoide/ide-windows/windows/arm/bin/../lib/gcc/arm-none-eabi/8.2.1/../../../../arm-none-eabi/lib/thumb/v6-m/nofp\libstdc++_nano.a(eh_throw.o)
                0x0001b804                __cxa_throw
 .text._ZNK10__cxxabiv117__class_type_info11__do_upcastEPKS0_PPv
                0x0001b836       0x34 c:/bin/femtoide/ide-windows/windows/arm/bin/../lib/gcc/arm-none-eabi/8.2.1/../../../../arm-none-eabi/lib/thumb/v6-m/nofp\libstdc++_nano.a(class_type_info.o)
                0x0001b836                __cxxabiv1::__class_type_info::__do_upcast(__cxxabiv1::__class_type_info const*, void**) const
 .text._ZNK10__cxxabiv117__class_type_info20__do_find_public_srcEiPKvPKS0_S2_
                0x0001b86a        0xc c:/bin/femtoide/ide-windows/windows/arm/bin/../lib/gcc/arm-none-eabi/8.2.1/../../../../arm-none-eabi/lib/thumb/v6-m/nofp\libstdc++_nano.a(class_type_info.o)
                0x0001b86a                __cxxabiv1::__class_type_info::__do_find_public_src(int, void const*, __cxxabiv1::__class_type_info const*, void const*) const
 *fill*         0x0001b876        0x2 ff
 .text._ZN10__cxxabiv117__class_type_infoD2Ev
                0x0001b878       0x18 c:/bin/femtoide/ide-windows/windows/arm/bin/../lib/gcc/arm-none-eabi/8.2.1/../../../../arm-none-eabi/lib/thumb/v6-m/nofp\libstdc++_nano.a(class_type_info.o)
                0x0001b878                __cxxabiv1::__class_type_info::~__class_type_info()
                0x0001b878                __cxxabiv1::__class_type_info::~__class_type_info()
 .text._ZN10__cxxabiv117__class_type_infoD0Ev
                0x0001b890       0x14 c:/bin/femtoide/ide-windows/windows/arm/bin/../lib/gcc/arm-none-eabi/8.2.1/../../../../arm-none-eabi/lib/thumb/v6-m/nofp\libstdc++_nano.a(class_type_info.o)
                0x0001b890                __cxxabiv1::__class_type_info::~__class_type_info()
 .text._ZNK10__cxxabiv117__class_type_info12__do_dyncastEiNS0_10__sub_kindEPKS0_PKvS3_S5_RNS0_16__dyncast_resultE
                0x0001b8a4       0x3a c:/bin/femtoide/ide-windows/windows/arm/bin/../lib/gcc/arm-none-eabi/8.2.1/../../../../arm-none-eabi/lib/thumb/v6-m/nofp\libstdc++_nano.a(class_type_info.o)
                0x0001b8a4                __cxxabiv1::__class_type_info::__do_dyncast(int, __cxxabiv1::__class_type_info::__sub_kind, __cxxabiv1::__class_type_info const*, void const*, __cxxabiv1::__class_type_info const*, void const*, __cxxabiv1::__class_type_info::__dyncast_result&) const
 .text._ZNK10__cxxabiv117__class_type_info11__do_upcastEPKS0_PKvRNS0_15__upcast_resultE
                0x0001b8de       0x1a c:/bin/femtoide/ide-windows/windows/arm/bin/../lib/gcc/arm-none-eabi/8.2.1/../../../../arm-none-eabi/lib/thumb/v6-m/nofp\libstdc++_nano.a(class_type_info.o)
                0x0001b8de                __cxxabiv1::__class_type_info::__do_upcast(__cxxabiv1::__class_type_info const*, void const*, __cxxabiv1::__class_type_info::__upcast_result&) const
 .text._ZNK10__cxxabiv117__class_type_info10__do_catchEPKSt9type_infoPPvj
                0x0001b8f8       0x24 c:/bin/femtoide/ide-windows/windows/arm/bin/../lib/gcc/arm-none-eabi/8.2.1/../../../../arm-none-eabi/lib/thumb/v6-m/nofp\libstdc++_nano.a(class_type_info.o)
                0x0001b8f8                __cxxabiv1::__class_type_info::__do_catch(std::type_info const*, void**, unsigned int) const
 .text._ZN10__cxxabiv1L24__is_gxx_exception_classEPc
                0x0001b91c       0x3a c:/bin/femtoide/ide-windows/windows/arm/bin/../lib/gcc/arm-none-eabi/8.2.1/../../../../arm-none-eabi/lib/thumb/v6-m/nofp\libstdc++_nano.a(eh_catch.o)
 .text.__cxa_begin_catch
                0x0001b956       0x4e c:/bin/femtoide/ide-windows/windows/arm/bin/../lib/gcc/arm-none-eabi/8.2.1/../../../../arm-none-eabi/lib/thumb/v6-m/nofp\libstdc++_nano.a(eh_catch.o)
                0x0001b956                __cxa_begin_catch
 .text.__cxa_get_globals
                0x0001b9a4        0x8 c:/bin/femtoide/ide-windows/windows/arm/bin/../lib/gcc/arm-none-eabi/8.2.1/../../../../arm-none-eabi/lib/thumb/v6-m/nofp\libstdc++_nano.a(eh_globals.o)
                0x0001b9a4                __cxa_get_globals
 .text._ZN10__cxxabiv120__si_class_type_infoD2Ev
                0x0001b9ac       0x18 c:/bin/femtoide/ide-windows/windows/arm/bin/../lib/gcc/arm-none-eabi/8.2.1/../../../../arm-none-eabi/lib/thumb/v6-m/nofp\libstdc++_nano.a(si_class_type_info.o)
                0x0001b9ac                __cxxabiv1::__si_class_type_info::~__si_class_type_info()
                0x0001b9ac                __cxxabiv1::__si_class_type_info::~__si_class_type_info()
 .text._ZN10__cxxabiv120__si_class_type_infoD0Ev
                0x0001b9c4       0x14 c:/bin/femtoide/ide-windows/windows/arm/bin/../lib/gcc/arm-none-eabi/8.2.1/../../../../arm-none-eabi/lib/thumb/v6-m/nofp\libstdc++_nano.a(si_class_type_info.o)
                0x0001b9c4                __cxxabiv1::__si_class_type_info::~__si_class_type_info()
 .text._ZNK10__cxxabiv120__si_class_type_info20__do_find_public_srcEiPKvPKNS_17__class_type_infoES2_
                0x0001b9d8       0x32 c:/bin/femtoide/ide-windows/windows/arm/bin/../lib/gcc/arm-none-eabi/8.2.1/../../../../arm-none-eabi/lib/thumb/v6-m/nofp\libstdc++_nano.a(si_class_type_info.o)
                0x0001b9d8                __cxxabiv1::__si_class_type_info::__do_find_public_src(int, void const*, __cxxabiv1::__class_type_info const*, void const*) const
 .text._ZNK10__cxxabiv120__si_class_type_info12__do_dyncastEiNS_17__class_type_info10__sub_kindEPKS1_PKvS4_S6_RNS1_16__dyncast_resultE
                0x0001ba0a       0x80 c:/bin/femtoide/ide-windows/windows/arm/bin/../lib/gcc/arm-none-eabi/8.2.1/../../../../arm-none-eabi/lib/thumb/v6-m/nofp\libstdc++_nano.a(si_class_type_info.o)
                0x0001ba0a                __cxxabiv1::__si_class_type_info::__do_dyncast(int, __cxxabiv1::__class_type_info::__sub_kind, __cxxabiv1::__class_type_info const*, void const*, __cxxabiv1::__class_type_info const*, void const*, __cxxabiv1::__class_type_info::__dyncast_result&) const
 .text._ZNK10__cxxabiv120__si_class_type_info11__do_upcastEPKNS_17__class_type_infoEPKvRNS1_15__upcast_resultE
                0x0001ba8a       0x22 c:/bin/femtoide/ide-windows/windows/arm/bin/../lib/gcc/arm-none-eabi/8.2.1/../../../../arm-none-eabi/lib/thumb/v6-m/nofp\libstdc++_nano.a(si_class_type_info.o)
                0x0001ba8a                __cxxabiv1::__si_class_type_info::__do_upcast(__cxxabiv1::__class_type_info const*, void const*, __cxxabiv1::__class_type_info::__upcast_result&) const
 .text._ZNSt9type_infoD2Ev
                0x0001baac        0x2 c:/bin/femtoide/ide-windows/windows/arm/bin/../lib/gcc/arm-none-eabi/8.2.1/../../../../arm-none-eabi/lib/thumb/v6-m/nofp\libstdc++_nano.a(tinfo.o)
                0x0001baac                std::type_info::~type_info()
                0x0001baac                std::type_info::~type_info()
 .text._ZNKSt9type_info14__is_pointer_pEv
                0x0001baae        0x4 c:/bin/femtoide/ide-windows/windows/arm/bin/../lib/gcc/arm-none-eabi/8.2.1/../../../../arm-none-eabi/lib/thumb/v6-m/nofp\libstdc++_nano.a(tinfo.o)
                0x0001baae                std::type_info::__is_pointer_p() const
                0x0001baae                std::type_info::__is_function_p() const
 .text._ZNKSt9type_infoeqERKS_
                0x0001bab2       0x2c c:/bin/femtoide/ide-windows/windows/arm/bin/../lib/gcc/arm-none-eabi/8.2.1/../../../../arm-none-eabi/lib/thumb/v6-m/nofp\libstdc++_nano.a(tinfo.o)
                0x0001bab2                std::type_info::operator==(std::type_info const&) const
 .text.abort    0x0001bade        0xe c:/bin/femtoide/ide-windows/windows/arm/bin/../lib/gcc/arm-none-eabi/8.2.1/../../../../arm-none-eabi/lib/thumb/v6-m/nofp\libc_nano.a(lib_a-abort.o)
                0x0001bade                abort
 .text.__libc_init_array
                0x0001baec       0x48 c:/bin/femtoide/ide-windows/windows/arm/bin/../lib/gcc/arm-none-eabi/8.2.1/../../../../arm-none-eabi/lib/thumb/v6-m/nofp\libc_nano.a(lib_a-init.o)
                0x0001baec                __libc_init_array
 .text.malloc   0x0001bb34       0x14 c:/bin/femtoide/ide-windows/windows/arm/bin/../lib/gcc/arm-none-eabi/8.2.1/../../../../arm-none-eabi/lib/thumb/v6-m/nofp\libc_nano.a(lib_a-malloc.o)
                0x0001bb34                malloc
 .text.free     0x0001bb48       0x14 c:/bin/femtoide/ide-windows/windows/arm/bin/../lib/gcc/arm-none-eabi/8.2.1/../../../../arm-none-eabi/lib/thumb/v6-m/nofp\libc_nano.a(lib_a-malloc.o)
                0x0001bb48                free
 .text.memset   0x0001bb5c       0x10 c:/bin/femtoide/ide-windows/windows/arm/bin/../lib/gcc/arm-none-eabi/8.2.1/../../../../arm-none-eabi/lib/thumb/v6-m/nofp\libc_nano.a(lib_a-memset.o)
                0x0001bb5c                memset
 .text.malloc_usable_size
                0x0001bb6c       0x14 c:/bin/femtoide/ide-windows/windows/arm/bin/../lib/gcc/arm-none-eabi/8.2.1/../../../../arm-none-eabi/lib/thumb/v6-m/nofp\libc_nano.a(lib_a-msize.o)
                0x0001bb6c                malloc_usable_size
 .text._free_r  0x0001bb80       0x94 c:/bin/femtoide/ide-windows/windows/arm/bin/../lib/gcc/arm-none-eabi/8.2.1/../../../../arm-none-eabi/lib/thumb/v6-m/nofp\libc_nano.a(lib_a-nano-freer.o)
                0x0001bb80                _free_r
 .text._malloc_r
                0x0001bc14       0xbc c:/bin/femtoide/ide-windows/windows/arm/bin/../lib/gcc/arm-none-eabi/8.2.1/../../../../arm-none-eabi/lib/thumb/v6-m/nofp\libc_nano.a(lib_a-nano-mallocr.o)
                0x0001bc14                _malloc_r
 .text._malloc_usable_size_r
                0x0001bcd0       0x10 c:/bin/femtoide/ide-windows/windows/arm/bin/../lib/gcc/arm-none-eabi/8.2.1/../../../../arm-none-eabi/lib/thumb/v6-m/nofp\libc_nano.a(lib_a-nano-msizer.o)
                0x0001bcd0                _malloc_usable_size_r
 .text._sbrk_r  0x0001bce0       0x24 c:/bin/femtoide/ide-windows/windows/arm/bin/../lib/gcc/arm-none-eabi/8.2.1/../../../../arm-none-eabi/lib/thumb/v6-m/nofp\libc_nano.a(lib_a-sbrkr.o)
                0x0001bce0                _sbrk_r
 .text._raise_r
                0x0001bd04       0x54 c:/bin/femtoide/ide-windows/windows/arm/bin/../lib/gcc/arm-none-eabi/8.2.1/../../../../arm-none-eabi/lib/thumb/v6-m/nofp\libc_nano.a(lib_a-signal.o)
                0x0001bd04                _raise_r
 .text.raise    0x0001bd58       0x14 c:/bin/femtoide/ide-windows/windows/arm/bin/../lib/gcc/arm-none-eabi/8.2.1/../../../../arm-none-eabi/lib/thumb/v6-m/nofp\libc_nano.a(lib_a-signal.o)
                0x0001bd58                raise
 .text._kill_r  0x0001bd6c       0x24 c:/bin/femtoide/ide-windows/windows/arm/bin/../lib/gcc/arm-none-eabi/8.2.1/../../../../arm-none-eabi/lib/thumb/v6-m/nofp\libc_nano.a(lib_a-signalr.o)
                0x0001bd6c                _kill_r
 .text._getpid_r
                0x0001bd90        0x8 c:/bin/femtoide/ide-windows/windows/arm/bin/../lib/gcc/arm-none-eabi/8.2.1/../../../../arm-none-eabi/lib/thumb/v6-m/nofp\libc_nano.a(lib_a-signalr.o)
                0x0001bd90                _getpid_r
 .text          0x0001bd98       0x14 c:/bin/femtoide/ide-windows/windows/arm/bin/../lib/gcc/arm-none-eabi/8.2.1/../../../../arm-none-eabi/lib/thumb/v6-m/nofp\libc_nano.a(lib_a-strcmp.o)
                0x0001bd98                strcmp
 .text.__malloc_lock
                0x0001bdac       0x10 c:/bin/femtoide/ide-windows/windows/arm/bin/../lib/gcc/arm-none-eabi/8.2.1/../../../../arm-none-eabi/lib/thumb/v6-m/nofp\libc_nano.a(lib_a-mlock.o)
                0x0001bdac                __malloc_lock
 .text.__malloc_unlock
                0x0001bdbc       0x10 c:/bin/femtoide/ide-windows/windows/arm/bin/../lib/gcc/arm-none-eabi/8.2.1/../../../../arm-none-eabi/lib/thumb/v6-m/nofp\libc_nano.a(lib_a-mlock.o)
                0x0001bdbc                __malloc_unlock
 .text.__retarget_lock_acquire_recursive
                0x0001bdcc        0x2 c:/bin/femtoide/ide-windows/windows/arm/bin/../lib/gcc/arm-none-eabi/8.2.1/../../../../arm-none-eabi/lib/thumb/v6-m/nofp\libc_nano.a(lib_a-lock.o)
                0x0001bdcc                __retarget_lock_acquire_recursive
 .text.__retarget_lock_release_recursive
                0x0001bdce        0x2 c:/bin/femtoide/ide-windows/windows/arm/bin/../lib/gcc/arm-none-eabi/8.2.1/../../../../arm-none-eabi/lib/thumb/v6-m/nofp\libc_nano.a(lib_a-lock.o)
                0x0001bdce                __retarget_lock_release_recursive
 .text          0x0001bdd0      0xa38 c:/bin/femtoide/ide-windows/windows/arm/bin/../lib/gcc/arm-none-eabi/8.2.1/thumb/v6-m/nofp\libgcc.a(unwind-arm.o)
                0x0001c09c                _Unwind_GetCFA
                0x0001c0a0                __gnu_Unwind_RaiseException
                0x0001c0f4                __gnu_Unwind_ForcedUnwind
                0x0001c108                __gnu_Unwind_Resume
                0x0001c150                __gnu_Unwind_Resume_or_Rethrow
                0x0001c16c                _Unwind_Complete
                0x0001c170                _Unwind_DeleteException
                0x0001c180                _Unwind_VRS_Get
                0x0001c1d0                _Unwind_VRS_Set
                0x0001c220                __gnu_Unwind_Backtrace
                0x0001c580                __aeabi_unwind_cpp_pr0
                0x0001c58c                __aeabi_unwind_cpp_pr1
                0x0001c598                __aeabi_unwind_cpp_pr2
                0x0001c5a4                _Unwind_VRS_Pop
 .text          0x0001c808      0x144 c:/bin/femtoide/ide-windows/windows/arm/bin/../lib/gcc/arm-none-eabi/8.2.1/thumb/v6-m/nofp\libgcc.a(libunwind.o)
                0x0001c808                __restore_core_regs
                0x0001c808                restore_core_regs
                0x0001c834                __gnu_Unwind_Restore_VFP
                0x0001c838                __gnu_Unwind_Save_VFP
                0x0001c83c                __gnu_Unwind_Restore_VFP_D
                0x0001c840                __gnu_Unwind_Save_VFP_D
                0x0001c844                __gnu_Unwind_Restore_VFP_D_16_to_31
                0x0001c848                __gnu_Unwind_Save_VFP_D_16_to_31
                0x0001c84c                __gnu_Unwind_Restore_WMMXD
                0x0001c850                __gnu_Unwind_Save_WMMXD
                0x0001c854                __gnu_Unwind_Restore_WMMXC
                0x0001c858                __gnu_Unwind_Save_WMMXC
                0x0001c85c                ___Unwind_RaiseException
                0x0001c85c                _Unwind_RaiseException
                0x0001c88c                _Unwind_Resume
                0x0001c88c                ___Unwind_Resume
                0x0001c8bc                _Unwind_Resume_or_Rethrow
                0x0001c8bc                ___Unwind_Resume_or_Rethrow
                0x0001c8ec                _Unwind_ForcedUnwind
                0x0001c8ec                ___Unwind_ForcedUnwind
                0x0001c91c                ___Unwind_Backtrace
                0x0001c91c                _Unwind_Backtrace
 .text          0x0001c94c      0x390 c:/bin/femtoide/ide-windows/windows/arm/bin/../lib/gcc/arm-none-eabi/8.2.1/thumb/v6-m/nofp\libgcc.a(pr-support.o)
                0x0001c9a0                __gnu_unwind_execute
                0x0001cc94                __gnu_unwind_frame
                0x0001ccbc                _Unwind_GetRegionStart
                0x0001ccc8                _Unwind_GetLanguageSpecificData
 .text.unlikely
                0x0001ccdc        0xc c:/bin/femtoide/ide-windows/windows/arm/bin/../lib/gcc/arm-none-eabi/8.2.1/thumb/v6-m/nofp\libgcc.a(pr-support.o)
                0x0001ccdc                _Unwind_GetDataRelBase
                0x0001cce2                _Unwind_GetTextRelBase
 .text          0x0001cce8      0x1d4 c:/bin/femtoide/ide-windows/windows/arm/bin/../lib/gcc/arm-none-eabi/8.2.1/thumb/v6-m/nofp\libgcc.a(_divsi3.o)
                0x0001cce8                __divsi3
                0x0001cce8                __aeabi_idiv
                0x0001ceb4                __aeabi_idivmod
 .text          0x0001cebc        0x4 c:/bin/femtoide/ide-windows/windows/arm/bin/../lib/gcc/arm-none-eabi/8.2.1/thumb/v6-m/nofp\libgcc.a(_dvmd_tls.o)
                0x0001cebc                __aeabi_idiv0
                0x0001cebc                __aeabi_ldiv0
 .text          0x0001cec0       0x48 c:/bin/femtoide/ide-windows/windows/arm/bin/../lib/gcc/arm-none-eabi/8.2.1/thumb/v6-m/nofp\libgcc.a(_aeabi_ldivmod.o)
                0x0001cec0                __aeabi_ldivmod
 .text          0x0001cf08       0x54 c:/bin/femtoide/ide-windows/windows/arm/bin/../lib/gcc/arm-none-eabi/8.2.1/thumb/v6-m/nofp\libgcc.a(_muldi3.o)
                0x0001cf08                __muldi3
                0x0001cf08                __aeabi_lmul
 .text          0x0001cf5c       0x38 c:/bin/femtoide/ide-windows/windows/arm/bin/../lib/gcc/arm-none-eabi/8.2.1/thumb/v6-m/nofp\libgcc.a(bpabi.o)
                0x0001cf5c                __gnu_ldivmod_helper
 .text          0x0001cf94      0x2f0 c:/bin/femtoide/ide-windows/windows/arm/bin/../lib/gcc/arm-none-eabi/8.2.1/thumb/v6-m/nofp\libgcc.a(unwind-c.o)
                0x0001d1a4                __gcc_personality_v0
 .text          0x0001d284      0x1cc c:/bin/femtoide/ide-windows/windows/arm/bin/../lib/gcc/arm-none-eabi/8.2.1/thumb/v6-m/nofp\libgcc.a(_divdi3.o)
                0x0001d284                __divdi3
 .text          0x0001d450       0x18 c:/bin/femtoide/ide-windows/windows/arm/bin/../lib/gcc/arm-none-eabi/8.2.1/thumb/v6-m/nofp\libgcc.a(_clzdi2.o)
                0x0001d450                __clzdi2
 .text          0x0001d468       0x3c c:/bin/femtoide/ide-windows/windows/arm/bin/../lib/gcc/arm-none-eabi/8.2.1/thumb/v6-m/nofp\libgcc.a(_clzsi2.o)
                0x0001d468                __clzsi2
 .text._getpid  0x0001d4a4       0x10 c:/bin/femtoide/ide-windows/windows/arm/bin/../lib/gcc/arm-none-eabi/8.2.1/../../../../arm-none-eabi/lib/thumb/v6-m/nofp\libnosys.a(getpid.o)
                0x0001d4a4                _getpid
 .text._kill    0x0001d4b4       0x10 c:/bin/femtoide/ide-windows/windows/arm/bin/../lib/gcc/arm-none-eabi/8.2.1/../../../../arm-none-eabi/lib/thumb/v6-m/nofp\libnosys.a(kill.o)
                0x0001d4b4                _kill
 .text._exit    0x0001d4c4        0x4 c:/bin/femtoide/ide-windows/windows/arm/bin/../lib/gcc/arm-none-eabi/8.2.1/../../../../arm-none-eabi/lib/thumb/v6-m/nofp\libnosys.a(_exit.o)
                0x0001d4c4                _exit
 .text.memcpy   0x0001d4c8       0x12 c:/bin/femtoide/ide-windows/windows/arm/bin/../lib/gcc/arm-none-eabi/8.2.1/../../../../arm-none-eabi/lib/thumb/v6-m/nofp\libc_nano.a(lib_a-memcpy-stub.o)
                0x0001d4c8                memcpy
 *(.rodata .rodata.*)
 *fill*         0x0001d4da        0x2 ff
 .rodata        0x0001d4dc      0xaec C:\Users\hannu\AppData\Local\Temp\ccIwwp9u.ltrans0.ltrans.o
                0x0001d4dc                vtable for uc_Array<up_femto::uc_TileSet, true>
                0x0001d4f8                vtable for uc_Array<up_java::up_lang::uc_String, true>
                0x0001d798                _ZZN8up_femto10up_palette8uc_Pico87paletteEvE1d.lto_priv.117
                0x0001d7bc                vtable for up_java::up_lang::uc_String
                0x0001da68                vtable for uc_MainStartupScreen
                0x0001db34                vtable for uc_MainDay
                0x0001db68                vtable for uc_MainLevelMap
                0x0001dbc0                vtable for up_femto::up_mode::uc_ScreenMode
                0x0001dfa8                __managed__
                0x0001dfac                vtable for up_java::up_lang::uc_Object
 .rodata.str1.4
                0x0001dfc8      0x3a2 C:\Users\hannu\AppData\Local\Temp\ccIwwp9u.ltrans0.ltrans.o
                                0x3a6 (size before relaxing)
 *fill*         0x0001e36a        0x2 ff
 .rodata        0x0001e36c     0x3f5b C:\Users\hannu\AppData\Local\Temp\ccIwwp9u.ltrans1.ltrans.o
                0x0001e654                vtable for uc_TimeMeterEntity
                0x0001e68c                vtable for uc_Winner
                0x0001e6e8                vtable for uc_breviceps__step_into_water_puddle_wade
                0x0001e710                vtable for uc_Event
                0x0001e7ec                vtable for uc_Coffee
 *fill*         0x000222c7        0x1 ff
 .rodata.str1.4
                0x000222c8      0x179 C:\Users\hannu\AppData\Local\Temp\ccIwwp9u.ltrans1.ltrans.o
                                0x191 (size before relaxing)
 *fill*         0x00022441        0x3 ff
 .rodata        0x00022444      0x2d5 C:\Users\hannu\AppData\Local\Temp\ccIwwp9u.ltrans2.ltrans.o
 *fill*         0x00022719        0x3 ff
 .rodata.str1.4
                0x0002271c      0x2bd C:\Users\hannu\AppData\Local\Temp\ccIwwp9u.ltrans2.ltrans.o
                                0x38d (size before relaxing)
 *fill*         0x000229d9        0x3 ff
 .rodata        0x000229dc    0x10c38 C:\Users\hannu\AppData\Local\Temp\ccIwwp9u.ltrans3.ltrans.o
 .rodata.str1.4
                0x00033614       0xc0 C:\Users\hannu\AppData\Local\Temp\ccIwwp9u.ltrans3.ltrans.o
                                0x121 (size before relaxing)
 .rodata._ZTIN10__cxxabiv117__class_type_infoE
                0x000336d4        0xc c:/bin/femtoide/ide-windows/windows/arm/bin/../lib/gcc/arm-none-eabi/8.2.1/../../../../arm-none-eabi/lib/thumb/v6-m/nofp\libstdc++_nano.a(class_type_info.o)
                0x000336d4                typeinfo for __cxxabiv1::__class_type_info
 .rodata._ZTSN10__cxxabiv117__class_type_infoE
                0x000336e0       0x22 c:/bin/femtoide/ide-windows/windows/arm/bin/../lib/gcc/arm-none-eabi/8.2.1/../../../../arm-none-eabi/lib/thumb/v6-m/nofp\libstdc++_nano.a(class_type_info.o)
                0x000336e0                typeinfo name for __cxxabiv1::__class_type_info
 *fill*         0x00033702        0x2 ff
 .rodata._ZTVN10__cxxabiv117__class_type_infoE
                0x00033704       0x2c c:/bin/femtoide/ide-windows/windows/arm/bin/../lib/gcc/arm-none-eabi/8.2.1/../../../../arm-none-eabi/lib/thumb/v6-m/nofp\libstdc++_nano.a(class_type_info.o)
                0x00033704                vtable for __cxxabiv1::__class_type_info
 .rodata._ZTIN10__cxxabiv120__si_class_type_infoE
                0x00033730        0xc c:/bin/femtoide/ide-windows/windows/arm/bin/../lib/gcc/arm-none-eabi/8.2.1/../../../../arm-none-eabi/lib/thumb/v6-m/nofp\libstdc++_nano.a(si_class_type_info.o)
                0x00033730                typeinfo for __cxxabiv1::__si_class_type_info
 .rodata._ZTSN10__cxxabiv120__si_class_type_infoE
                0x0003373c       0x25 c:/bin/femtoide/ide-windows/windows/arm/bin/../lib/gcc/arm-none-eabi/8.2.1/../../../../arm-none-eabi/lib/thumb/v6-m/nofp\libstdc++_nano.a(si_class_type_info.o)
                0x0003373c                typeinfo name for __cxxabiv1::__si_class_type_info
 *fill*         0x00033761        0x3 ff
 .rodata._ZTVN10__cxxabiv120__si_class_type_infoE
                0x00033764       0x2c c:/bin/femtoide/ide-windows/windows/arm/bin/../lib/gcc/arm-none-eabi/8.2.1/../../../../arm-none-eabi/lib/thumb/v6-m/nofp\libstdc++_nano.a(si_class_type_info.o)
                0x00033764                vtable for __cxxabiv1::__si_class_type_info
 .rodata._ZTISt9type_info
                0x00033790        0x8 c:/bin/femtoide/ide-windows/windows/arm/bin/../lib/gcc/arm-none-eabi/8.2.1/../../../../arm-none-eabi/lib/thumb/v6-m/nofp\libstdc++_nano.a(tinfo.o)
                0x00033790                typeinfo for std::type_info
 .rodata._ZTSSt9type_info
                0x00033798        0xd c:/bin/femtoide/ide-windows/windows/arm/bin/../lib/gcc/arm-none-eabi/8.2.1/../../../../arm-none-eabi/lib/thumb/v6-m/nofp\libstdc++_nano.a(tinfo.o)
                0x00033798                typeinfo name for std::type_info
 *fill*         0x000337a5        0x3 ff
 .rodata        0x000337a8       0x34 c:/bin/femtoide/ide-windows/windows/arm/bin/../lib/gcc/arm-none-eabi/8.2.1/thumb/v6-m/nofp\libgcc.a(unwind-c.o)
                0x000337dc                . = ALIGN (0x4)
                0x000337dc                . = ALIGN (0x4)
 *(.init)
 .init          0x000337dc        0x4 c:/bin/femtoide/ide-windows/windows/arm/bin/../lib/gcc/arm-none-eabi/8.2.1/thumb/v6-m/nofp/crti.o
                0x000337dc                _init
 .init          0x000337e0        0x8 c:/bin/femtoide/ide-windows/windows/arm/bin/../lib/gcc/arm-none-eabi/8.2.1/thumb/v6-m/nofp/crtn.o
                0x000337e8                . = ALIGN (0x4)
                0x000337e8                __preinit_array_start = .
 *(.preinit_array)
                0x000337e8                __preinit_array_end = .
                0x000337e8                . = ALIGN (0x4)
                0x000337e8                __init_array_start = .
 *(SORT_BY_NAME(.init_array.*))
 *(.init_array)
 .init_array    0x000337e8        0x4 c:/bin/femtoide/ide-windows/windows/arm/bin/../lib/gcc/arm-none-eabi/8.2.1/thumb/v6-m/nofp/crtbegin.o
 .init_array    0x000337ec        0x4 C:\Users\hannu\AppData\Local\Temp\ccIwwp9u.ltrans0.ltrans.o
 .init_array    0x000337f0        0x4 c:/bin/femtoide/ide-windows/windows/arm/bin/../lib/gcc/arm-none-eabi/8.2.1/../../../../arm-none-eabi/lib/thumb/v6-m/nofp\libstdc++_nano.a(eh_alloc.o)
                0x000337f4                __init_array_end = .
 *(.fini)
 .fini          0x000337f4        0x4 c:/bin/femtoide/ide-windows/windows/arm/bin/../lib/gcc/arm-none-eabi/8.2.1/thumb/v6-m/nofp/crti.o
                0x000337f4                _fini
 .fini          0x000337f8        0x8 c:/bin/femtoide/ide-windows/windows/arm/bin/../lib/gcc/arm-none-eabi/8.2.1/thumb/v6-m/nofp/crtn.o
                0x00033800                . = ALIGN (0x4)
 *crtbegin.o(.ctors)
 *(EXCLUDE_FILE(*crtend.o) .ctors)
 *(SORT_BY_NAME(.ctors.*))
 *crtend.o(.ctors)
                0x00033800                . = ALIGN (0x4)
 *crtbegin.o(.dtors)
 *(EXCLUDE_FILE(*crtend.o) .dtors)
 *(SORT_BY_NAME(.dtors.*))
 *crtend.o(.dtors)
 *(vtable)
                0x00033800                PROVIDE (_codesize = .)

.glue_7         0x00033800        0x0
 .glue_7        0x00033800        0x0 linker stubs

.glue_7t        0x00033800        0x0
 .glue_7t       0x00033800        0x0 linker stubs

.vfp11_veneer   0x00033800        0x0
 .vfp11_veneer  0x00033800        0x0 linker stubs

.v4_bx          0x00033800        0x0
 .v4_bx         0x00033800        0x0 linker stubs

.iplt           0x00033800        0x0
 .iplt          0x00033800        0x0 c:/bin/femtoide/ide-windows/windows/arm/bin/../lib/gcc/arm-none-eabi/8.2.1/thumb/v6-m/nofp/crtbegin.o

.ARM.extab      0x00033800      0x744
 *(.ARM.extab* .gnu.linkonce.armextab.*)
 .ARM.extab     0x00033800      0x1c4 C:\Users\hannu\AppData\Local\Temp\ccIwwp9u.ltrans0.ltrans.o
 .ARM.extab.text.startup
                0x000339c4       0x71 C:\Users\hannu\AppData\Local\Temp\ccIwwp9u.ltrans0.ltrans.o
 *fill*         0x00033a35        0x3 
 .ARM.extab     0x00033a38      0x224 C:\Users\hannu\AppData\Local\Temp\ccIwwp9u.ltrans1.ltrans.o
 .ARM.extab     0x00033c5c      0x15a C:\Users\hannu\AppData\Local\Temp\ccIwwp9u.ltrans2.ltrans.o
 *fill*         0x00033db6        0x2 
 .ARM.extab     0x00033db8      0x141 C:\Users\hannu\AppData\Local\Temp\ccIwwp9u.ltrans3.ltrans.o
 *fill*         0x00033ef9        0x3 
 .ARM.extab.after_vectors
                0x00033efc        0xc C:\Users\hannu\AppData\Local\Temp\ccIwwp9u.ltrans3.ltrans.o
 .ARM.extab     0x00033f08       0x24 c:/bin/femtoide/ide-windows/windows/arm/bin/../lib/gcc/arm-none-eabi/8.2.1/thumb/v6-m/nofp\libgcc.a(unwind-arm.o)
 .ARM.extab     0x00033f2c        0xc c:/bin/femtoide/ide-windows/windows/arm/bin/../lib/gcc/arm-none-eabi/8.2.1/thumb/v6-m/nofp\libgcc.a(pr-support.o)
 .ARM.extab     0x00033f38        0xc c:/bin/femtoide/ide-windows/windows/arm/bin/../lib/gcc/arm-none-eabi/8.2.1/thumb/v6-m/nofp\libgcc.a(unwind-c.o)
                0x00033f44                __exidx_start = .

.eh_frame       0x00033f44        0x0
 .eh_frame      0x00033f44        0x0 c:/bin/femtoide/ide-windows/windows/arm/bin/../lib/gcc/arm-none-eabi/8.2.1/thumb/v6-m/nofp/crtbegin.o

.ARM.exidx      0x00033f44      0x7e0
 *(.ARM.exidx* .gnu.linkonce.armexidx.*)
 .ARM.exidx     0x00033f54      0x190 C:\Users\hannu\AppData\Local\Temp\ccIwwp9u.ltrans0.ltrans.o
                                0x2b0 (size before relaxing)
 .ARM.exidx.text.startup
                0x000340e4       0x18 C:\Users\hannu\AppData\Local\Temp\ccIwwp9u.ltrans0.ltrans.o
 .ARM.exidx     0x000340fc      0x1d8 C:\Users\hannu\AppData\Local\Temp\ccIwwp9u.ltrans1.ltrans.o
                                0x588 (size before relaxing)
 .ARM.exidx     0x000342d4      0x1c0 C:\Users\hannu\AppData\Local\Temp\ccIwwp9u.ltrans2.ltrans.o
                                0x2f8 (size before relaxing)
 .ARM.exidx     0x00034494      0x188 C:\Users\hannu\AppData\Local\Temp\ccIwwp9u.ltrans3.ltrans.o
                                0x738 (size before relaxing)
 .ARM.exidx.text.startup
                0x0003461c       0x10 C:\Users\hannu\AppData\Local\Temp\ccIwwp9u.ltrans3.ltrans.o
                                  0x8 (size before relaxing)
 .ARM.exidx.after_vectors
                0x00033f44       0x10 C:\Users\hannu\AppData\Local\Temp\ccIwwp9u.ltrans3.ltrans.o
                                  0x8 (size before relaxing)
 .ARM.exidx     0x0003462c       0x90 c:/bin/femtoide/ide-windows/windows/arm/bin/../lib/gcc/arm-none-eabi/8.2.1/thumb/v6-m/nofp\libgcc.a(unwind-arm.o)
                                 0xd8 (size before relaxing)